MPLINK 5.09, LINKER
Linker Map File - Created Wed May 07 21:14:34 2025

                                 Section Info
                  Section       Type    Address   Location Size(Bytes)
                ---------  ---------  ---------  ---------  ---------
                   .org_0       code   0x000000    program   0x000002
                   .cinit    romdata   0x000001    program   0x000004
                   .org_1       code   0x000004    program   0x000002
                   .org_2       code   0x000005    program   0x000056
.config_2007_BUILD/DEFAULT/PRODUCTION/ARIEL.O       code   0x002007    program   0x000002



                              Program Memory Usage 
                               Start         End      
                           ---------   ---------      
                            0x000000    0x000002      
                            0x000004    0x00002f      
                            0x002007    0x002007      
            48 out of 8455 program addresses used, program memory utilization is 0%



                              Symbols - Sorted by Name
                     Name    Address   Location    Storage File                     
                ---------  ---------  ---------  --------- ---------                
                      FIN   0x000027    program     static C:\Users\dario\OneDrive\Desktop\digital 2\ariel.X\ariel.asm
                      ISR   0x00001b    program     static C:\Users\dario\OneDrive\Desktop\digital 2\ariel.X\ariel.asm
                     LOOP   0x00001f    program     static C:\Users\dario\OneDrive\Desktop\digital 2\ariel.X\ariel.asm
                      RET   0x00002c    program     static C:\Users\dario\OneDrive\Desktop\digital 2\ariel.X\ariel.asm
                    SETEO   0x00002d    program     static C:\Users\dario\OneDrive\Desktop\digital 2\ariel.X\ariel.asm
                    START   0x000005    program     static C:\Users\dario\OneDrive\Desktop\digital 2\ariel.X\ariel.asm
             _.org_2_001A   0x00001a    program     static C:\Users\dario\OneDrive\Desktop\digital 2\ariel.X\ariel.asm



                              Symbols - Sorted by Address
                     Name    Address   Location    Storage File                     
                ---------  ---------  ---------  --------- ---------                
                    START   0x000005    program     static C:\Users\dario\OneDrive\Desktop\digital 2\ariel.X\ariel.asm
             _.org_2_001A   0x00001a    program     static C:\Users\dario\OneDrive\Desktop\digital 2\ariel.X\ariel.asm
                      ISR   0x00001b    program     static C:\Users\dario\OneDrive\Desktop\digital 2\ariel.X\ariel.asm
                     LOOP   0x00001f    program     static C:\Users\dario\OneDrive\Desktop\digital 2\ariel.X\ariel.asm
                      FIN   0x000027    program     static C:\Users\dario\OneDrive\Desktop\digital 2\ariel.X\ariel.asm
                      RET   0x00002c    program     static C:\Users\dario\OneDrive\Desktop\digital 2\ariel.X\ariel.asm
                    SETEO   0x00002d    program     static C:\Users\dario\OneDrive\Desktop\digital 2\ariel.X\ariel.asm


