MPLINK 5.09, LINKER
Linker Map File - Created Wed May 14 21:18:09 2025

                                 Section Info
                  Section       Type    Address   Location Size(Bytes)
                ---------  ---------  ---------  ---------  ---------
                   .org_0       code   0x000000    program   0x000002
                   .cinit    romdata   0x000001    program   0x000004
                   .org_1       code   0x000004    program   0x000002
                   .org_2       code   0x000005    program   0x0000d6
.config_2007_BUILD/DEFAULT/PRODUCTION/5-3.O       code   0x002007    program   0x000002



                              Program Memory Usage 
                               Start         End      
                           ---------   ---------      
                            0x000000    0x000002      
                            0x000004    0x00006f      
                            0x002007    0x002007      
            112 out of 8455 program addresses used, program memory utilization is 1%



                              Symbols - Sorted by Name
                     Name    Address   Location    Storage File                     
                ---------  ---------  ---------  --------- ---------                
                    CEROS   0x000026    program     static C:\Users\dario\OneDrive\Desktop\digital 2\5.3.X\5-3.asm
               DELAY_20MS   0x000055    program     static C:\Users\dario\OneDrive\Desktop\digital 2\5.3.X\5-3.asm
                 DELAY_3S   0x000067    program     static C:\Users\dario\OneDrive\Desktop\digital 2\5.3.X\5-3.asm
         DEVUELVOCONTEXTO   0x00004d    program     static C:\Users\dario\OneDrive\Desktop\digital 2\5.3.X\5-3.asm
                       II   0x000046    program     static C:\Users\dario\OneDrive\Desktop\digital 2\5.3.X\5-3.asm
             INTERRUPCION   0x00001f    program     static C:\Users\dario\OneDrive\Desktop\digital 2\5.3.X\5-3.asm
                       IO   0x00003e    program     static C:\Users\dario\OneDrive\Desktop\digital 2\5.3.X\5-3.asm
                  L1_1MIN   0x000060    program     static C:\Users\dario\OneDrive\Desktop\digital 2\5.3.X\5-3.asm
                    L1_20   0x000057    program     static C:\Users\dario\OneDrive\Desktop\digital 2\5.3.X\5-3.asm
                    L1_3S   0x000069    program     static C:\Users\dario\OneDrive\Desktop\digital 2\5.3.X\5-3.asm
                  L2_1MIN   0x000062    program     static C:\Users\dario\OneDrive\Desktop\digital 2\5.3.X\5-3.asm
                    L2_20   0x000059    program     static C:\Users\dario\OneDrive\Desktop\digital 2\5.3.X\5-3.asm
                    L2_3S   0x00006b    program     static C:\Users\dario\OneDrive\Desktop\digital 2\5.3.X\5-3.asm
                       OI   0x000037    program     static C:\Users\dario\OneDrive\Desktop\digital 2\5.3.X\5-3.asm
                       OO   0x00002c    program     static C:\Users\dario\OneDrive\Desktop\digital 2\5.3.X\5-3.asm
                    START   0x000006    program     static C:\Users\dario\OneDrive\Desktop\digital 2\5.3.X\5-3.asm
                     UNOS   0x000029    program     static C:\Users\dario\OneDrive\Desktop\digital 2\5.3.X\5-3.asm
              UN_MIN_RELE   0x00005e    program     static C:\Users\dario\OneDrive\Desktop\digital 2\5.3.X\5-3.asm
             _.org_2_001E   0x00001e    program     static C:\Users\dario\OneDrive\Desktop\digital 2\5.3.X\5-3.asm



                              Symbols - Sorted by Address
                     Name    Address   Location    Storage File                     
                ---------  ---------  ---------  --------- ---------                
                    START   0x000006    program     static C:\Users\dario\OneDrive\Desktop\digital 2\5.3.X\5-3.asm
             _.org_2_001E   0x00001e    program     static C:\Users\dario\OneDrive\Desktop\digital 2\5.3.X\5-3.asm
             INTERRUPCION   0x00001f    program     static C:\Users\dario\OneDrive\Desktop\digital 2\5.3.X\5-3.asm
                    CEROS   0x000026    program     static C:\Users\dario\OneDrive\Desktop\digital 2\5.3.X\5-3.asm
                     UNOS   0x000029    program     static C:\Users\dario\OneDrive\Desktop\digital 2\5.3.X\5-3.asm
                       OO   0x00002c    program     static C:\Users\dario\OneDrive\Desktop\digital 2\5.3.X\5-3.asm
                       OI   0x000037    program     static C:\Users\dario\OneDrive\Desktop\digital 2\5.3.X\5-3.asm
                       IO   0x00003e    program     static C:\Users\dario\OneDrive\Desktop\digital 2\5.3.X\5-3.asm
                       II   0x000046    program     static C:\Users\dario\OneDrive\Desktop\digital 2\5.3.X\5-3.asm
         DEVUELVOCONTEXTO   0x00004d    program     static C:\Users\dario\OneDrive\Desktop\digital 2\5.3.X\5-3.asm
               DELAY_20MS   0x000055    program     static C:\Users\dario\OneDrive\Desktop\digital 2\5.3.X\5-3.asm
                    L1_20   0x000057    program     static C:\Users\dario\OneDrive\Desktop\digital 2\5.3.X\5-3.asm
                    L2_20   0x000059    program     static C:\Users\dario\OneDrive\Desktop\digital 2\5.3.X\5-3.asm
              UN_MIN_RELE   0x00005e    program     static C:\Users\dario\OneDrive\Desktop\digital 2\5.3.X\5-3.asm
                  L1_1MIN   0x000060    program     static C:\Users\dario\OneDrive\Desktop\digital 2\5.3.X\5-3.asm
                  L2_1MIN   0x000062    program     static C:\Users\dario\OneDrive\Desktop\digital 2\5.3.X\5-3.asm
                 DELAY_3S   0x000067    program     static C:\Users\dario\OneDrive\Desktop\digital 2\5.3.X\5-3.asm
                    L1_3S   0x000069    program     static C:\Users\dario\OneDrive\Desktop\digital 2\5.3.X\5-3.asm
                    L2_3S   0x00006b    program     static C:\Users\dario\OneDrive\Desktop\digital 2\5.3.X\5-3.asm


