MPLINK 5.09, LINKER
Linker Map File - Created Tue May 20 15:50:49 2025

                                 Section Info
                  Section       Type    Address   Location Size(Bytes)
                ---------  ---------  ---------  ---------  ---------
                   .org_0       code   0x000000    program   0x000002
                   .cinit    romdata   0x000001    program   0x000004
                   .org_1       code   0x000005    program   0x00019c
.config_2007_BUILD/DEFAULT/PRODUCTION/TECLADO       code   0x002007    program   0x000002



                              Program Memory Usage 
                               Start         End      
                           ---------   ---------      
                            0x000000    0x000002      
                            0x000005    0x0000d2      
                            0x002007    0x002007      
            210 out of 8455 program addresses used, program memory utilization is 2%



                              Symbols - Sorted by Name
                     Name    Address   Location    Storage File                     
                ---------  ---------  ---------  --------- ---------                
           CARGAR_DIGITOS   0x00001c    program     static C:\Users\dario\OneDrive\Desktop\digital 2\teclado-multiplexado.X\teclado-multiplexado.asm
                       D1   0x0000cc    program     static C:\Users\dario\OneDrive\Desktop\digital 2\teclado-multiplexado.X\teclado-multiplexado.asm
                       D2   0x0000ce    program     static C:\Users\dario\OneDrive\Desktop\digital 2\teclado-multiplexado.X\teclado-multiplexado.asm
               DELAY_20MS   0x0000c1    program     static C:\Users\dario\OneDrive\Desktop\digital 2\teclado-multiplexado.X\teclado-multiplexado.asm
               DELAY_50MS   0x0000ca    program     static C:\Users\dario\OneDrive\Desktop\digital 2\teclado-multiplexado.X\teclado-multiplexado.asm
                    FILA1   0x000050    program     static C:\Users\dario\OneDrive\Desktop\digital 2\teclado-multiplexado.X\teclado-multiplexado.asm
                    FILA2   0x000068    program     static C:\Users\dario\OneDrive\Desktop\digital 2\teclado-multiplexado.X\teclado-multiplexado.asm
                    FILA3   0x000080    program     static C:\Users\dario\OneDrive\Desktop\digital 2\teclado-multiplexado.X\teclado-multiplexado.asm
                    FILA4   0x000098    program     static C:\Users\dario\OneDrive\Desktop\digital 2\teclado-multiplexado.X\teclado-multiplexado.asm
                     MAIN   0x00001a    program     static C:\Users\dario\OneDrive\Desktop\digital 2\teclado-multiplexado.X\teclado-multiplexado.asm
    MULTIPLEXADO_COLUMNAS   0x00002d    program     static C:\Users\dario\OneDrive\Desktop\digital 2\teclado-multiplexado.X\teclado-multiplexado.asm
     MULTIPLEXADO_DISPLAY   0x00003a    program     static C:\Users\dario\OneDrive\Desktop\digital 2\teclado-multiplexado.X\teclado-multiplexado.asm
                     NUM0   0x0000aa    program     static C:\Users\dario\OneDrive\Desktop\digital 2\teclado-multiplexado.X\teclado-multiplexado.asm
                     NUM2   0x000056    program     static C:\Users\dario\OneDrive\Desktop\digital 2\teclado-multiplexado.X\teclado-multiplexado.asm
                     NUM3   0x00005c    program     static C:\Users\dario\OneDrive\Desktop\digital 2\teclado-multiplexado.X\teclado-multiplexado.asm
                     NUM4   0x000062    program     static C:\Users\dario\OneDrive\Desktop\digital 2\teclado-multiplexado.X\teclado-multiplexado.asm
                     NUM6   0x00006e    program     static C:\Users\dario\OneDrive\Desktop\digital 2\teclado-multiplexado.X\teclado-multiplexado.asm
                     NUM7   0x000074    program     static C:\Users\dario\OneDrive\Desktop\digital 2\teclado-multiplexado.X\teclado-multiplexado.asm
                     NUM8   0x00007a    program     static C:\Users\dario\OneDrive\Desktop\digital 2\teclado-multiplexado.X\teclado-multiplexado.asm
                     NUMA   0x000086    program     static C:\Users\dario\OneDrive\Desktop\digital 2\teclado-multiplexado.X\teclado-multiplexado.asm
                     NUMB   0x00008c    program     static C:\Users\dario\OneDrive\Desktop\digital 2\teclado-multiplexado.X\teclado-multiplexado.asm
                     NUMC   0x000092    program     static C:\Users\dario\OneDrive\Desktop\digital 2\teclado-multiplexado.X\teclado-multiplexado.asm
                     NUME   0x00009e    program     static C:\Users\dario\OneDrive\Desktop\digital 2\teclado-multiplexado.X\teclado-multiplexado.asm
                     NUMF   0x0000a4    program     static C:\Users\dario\OneDrive\Desktop\digital 2\teclado-multiplexado.X\teclado-multiplexado.asm
                       P1   0x0000c3    program     static C:\Users\dario\OneDrive\Desktop\digital 2\teclado-multiplexado.X\teclado-multiplexado.asm
                       P2   0x0000c5    program     static C:\Users\dario\OneDrive\Desktop\digital 2\teclado-multiplexado.X\teclado-multiplexado.asm
                    START   0x000005    program     static C:\Users\dario\OneDrive\Desktop\digital 2\teclado-multiplexado.X\teclado-multiplexado.asm
                    TABLA   0x0000b0    program     static C:\Users\dario\OneDrive\Desktop\digital 2\teclado-multiplexado.X\teclado-multiplexado.asm



                              Symbols - Sorted by Address
                     Name    Address   Location    Storage File                     
                ---------  ---------  ---------  --------- ---------                
                    START   0x000005    program     static C:\Users\dario\OneDrive\Desktop\digital 2\teclado-multiplexado.X\teclado-multiplexado.asm
                     MAIN   0x00001a    program     static C:\Users\dario\OneDrive\Desktop\digital 2\teclado-multiplexado.X\teclado-multiplexado.asm
           CARGAR_DIGITOS   0x00001c    program     static C:\Users\dario\OneDrive\Desktop\digital 2\teclado-multiplexado.X\teclado-multiplexado.asm
    MULTIPLEXADO_COLUMNAS   0x00002d    program     static C:\Users\dario\OneDrive\Desktop\digital 2\teclado-multiplexado.X\teclado-multiplexado.asm
     MULTIPLEXADO_DISPLAY   0x00003a    program     static C:\Users\dario\OneDrive\Desktop\digital 2\teclado-multiplexado.X\teclado-multiplexado.asm
                    FILA1   0x000050    program     static C:\Users\dario\OneDrive\Desktop\digital 2\teclado-multiplexado.X\teclado-multiplexado.asm
                     NUM2   0x000056    program     static C:\Users\dario\OneDrive\Desktop\digital 2\teclado-multiplexado.X\teclado-multiplexado.asm
                     NUM3   0x00005c    program     static C:\Users\dario\OneDrive\Desktop\digital 2\teclado-multiplexado.X\teclado-multiplexado.asm
                     NUM4   0x000062    program     static C:\Users\dario\OneDrive\Desktop\digital 2\teclado-multiplexado.X\teclado-multiplexado.asm
                    FILA2   0x000068    program     static C:\Users\dario\OneDrive\Desktop\digital 2\teclado-multiplexado.X\teclado-multiplexado.asm
                     NUM6   0x00006e    program     static C:\Users\dario\OneDrive\Desktop\digital 2\teclado-multiplexado.X\teclado-multiplexado.asm
                     NUM7   0x000074    program     static C:\Users\dario\OneDrive\Desktop\digital 2\teclado-multiplexado.X\teclado-multiplexado.asm
                     NUM8   0x00007a    program     static C:\Users\dario\OneDrive\Desktop\digital 2\teclado-multiplexado.X\teclado-multiplexado.asm
                    FILA3   0x000080    program     static C:\Users\dario\OneDrive\Desktop\digital 2\teclado-multiplexado.X\teclado-multiplexado.asm
                     NUMA   0x000086    program     static C:\Users\dario\OneDrive\Desktop\digital 2\teclado-multiplexado.X\teclado-multiplexado.asm
                     NUMB   0x00008c    program     static C:\Users\dario\OneDrive\Desktop\digital 2\teclado-multiplexado.X\teclado-multiplexado.asm
                     NUMC   0x000092    program     static C:\Users\dario\OneDrive\Desktop\digital 2\teclado-multiplexado.X\teclado-multiplexado.asm
                    FILA4   0x000098    program     static C:\Users\dario\OneDrive\Desktop\digital 2\teclado-multiplexado.X\teclado-multiplexado.asm
                     NUME   0x00009e    program     static C:\Users\dario\OneDrive\Desktop\digital 2\teclado-multiplexado.X\teclado-multiplexado.asm
                     NUMF   0x0000a4    program     static C:\Users\dario\OneDrive\Desktop\digital 2\teclado-multiplexado.X\teclado-multiplexado.asm
                     NUM0   0x0000aa    program     static C:\Users\dario\OneDrive\Desktop\digital 2\teclado-multiplexado.X\teclado-multiplexado.asm
                    TABLA   0x0000b0    program     static C:\Users\dario\OneDrive\Desktop\digital 2\teclado-multiplexado.X\teclado-multiplexado.asm
               DELAY_20MS   0x0000c1    program     static C:\Users\dario\OneDrive\Desktop\digital 2\teclado-multiplexado.X\teclado-multiplexado.asm
                       P1   0x0000c3    program     static C:\Users\dario\OneDrive\Desktop\digital 2\teclado-multiplexado.X\teclado-multiplexado.asm
                       P2   0x0000c5    program     static C:\Users\dario\OneDrive\Desktop\digital 2\teclado-multiplexado.X\teclado-multiplexado.asm
               DELAY_50MS   0x0000ca    program     static C:\Users\dario\OneDrive\Desktop\digital 2\teclado-multiplexado.X\teclado-multiplexado.asm
                       D1   0x0000cc    program     static C:\Users\dario\OneDrive\Desktop\digital 2\teclado-multiplexado.X\teclado-multiplexado.asm
                       D2   0x0000ce    program     static C:\Users\dario\OneDrive\Desktop\digital 2\teclado-multiplexado.X\teclado-multiplexado.asm


