MPLINK 5.09, LINKER
Linker Map File - Created Mon Mar 24 09:44:32 2025

                                 Section Info
                  Section       Type    Address   Location Size(Bytes)
                ---------  ---------  ---------  ---------  ---------
                   .org_0       code   0x000000    program   0x000028
                   .cinit    romdata   0x000014    program   0x000004
.config_2007_BUILD/DEFAULT/PRODUCTION/CLASE2D       code   0x002007    program   0x000002



                              Program Memory Usage 
                               Start         End      
                           ---------   ---------      
                            0x000000    0x000015      
                            0x002007    0x002007      
            23 out of 8455 program addresses used, program memory utilization is 0%



                              Symbols - Sorted by Name
                     Name    Address   Location    Storage File                     
                ---------  ---------  ---------  --------- ---------                
                    DELAY   0x00000b    program     static C:\Users\dario\OneDrive\Desktop\clase2digital2.asm.X\clase2digital2.asm
                       L1   0x00000d    program     static C:\Users\dario\OneDrive\Desktop\clase2digital2.asm.X\clase2digital2.asm
                       L2   0x00000f    program     static C:\Users\dario\OneDrive\Desktop\clase2digital2.asm.X\clase2digital2.asm
                      LED   0x000006    program     static C:\Users\dario\OneDrive\Desktop\clase2digital2.asm.X\clase2digital2.asm
                    START   0x000001    program     static C:\Users\dario\OneDrive\Desktop\clase2digital2.asm.X\clase2digital2.asm



                              Symbols - Sorted by Address
                     Name    Address   Location    Storage File                     
                ---------  ---------  ---------  --------- ---------                
                    START   0x000001    program     static C:\Users\dario\OneDrive\Desktop\clase2digital2.asm.X\clase2digital2.asm
                      LED   0x000006    program     static C:\Users\dario\OneDrive\Desktop\clase2digital2.asm.X\clase2digital2.asm
                    DELAY   0x00000b    program     static C:\Users\dario\OneDrive\Desktop\clase2digital2.asm.X\clase2digital2.asm
                       L1   0x00000d    program     static C:\Users\dario\OneDrive\Desktop\clase2digital2.asm.X\clase2digital2.asm
                       L2   0x00000f    program     static C:\Users\dario\OneDrive\Desktop\clase2digital2.asm.X\clase2digital2.asm


