MPLINK 5.09, LINKER
Linker Map File - Created Sat May 03 20:55:21 2025

                                 Section Info
                  Section       Type    Address   Location Size(Bytes)
                ---------  ---------  ---------  ---------  ---------
                   .org_0       code   0x000000    program   0x000002
                   .cinit    romdata   0x000001    program   0x000004
                   .org_1       code   0x000005    program   0x000130
.config_2007_BUILD/DEFAULT/PRODUCTION/MULTIPL       code   0x002007    program   0x000002



                              Program Memory Usage 
                               Start         End      
                           ---------   ---------      
                            0x000000    0x000002      
                            0x000005    0x00009c      
                            0x002007    0x002007      
            156 out of 8455 program addresses used, program memory utilization is 1%



                              Symbols - Sorted by Name
                     Name    Address   Location    Storage File                     
                ---------  ---------  ---------  --------- ---------                
               ANTIREBOTE   0x000045    program     static C:\Users\dario\OneDrive\Desktop\digital 2\multiplexadoo.X\multiplexadoo.asm
        AUMENTAR_CENTENAS   0x000073    program     static C:\Users\dario\OneDrive\Desktop\digital 2\multiplexadoo.X\multiplexadoo.asm
         AUMENTAR_DECENAS   0x000061    program     static C:\Users\dario\OneDrive\Desktop\digital 2\multiplexadoo.X\multiplexadoo.asm
                       D1   0x000096    program     static C:\Users\dario\OneDrive\Desktop\digital 2\multiplexadoo.X\multiplexadoo.asm
                       D2   0x000098    program     static C:\Users\dario\OneDrive\Desktop\digital 2\multiplexadoo.X\multiplexadoo.asm
               DELAY_20MS   0x00008b    program     static C:\Users\dario\OneDrive\Desktop\digital 2\multiplexadoo.X\multiplexadoo.asm
               DELAY_50MS   0x000094    program     static C:\Users\dario\OneDrive\Desktop\digital 2\multiplexadoo.X\multiplexadoo.asm
              INCREMENTAR   0x00005a    program     static C:\Users\dario\OneDrive\Desktop\digital 2\multiplexadoo.X\multiplexadoo.asm
                     MAIN   0x000041    program     static C:\Users\dario\OneDrive\Desktop\digital 2\multiplexadoo.X\multiplexadoo.asm
             MULTIPLEXADO   0x00004a    program     static C:\Users\dario\OneDrive\Desktop\digital 2\multiplexadoo.X\multiplexadoo.asm
                       P1   0x00008d    program     static C:\Users\dario\OneDrive\Desktop\digital 2\multiplexadoo.X\multiplexadoo.asm
                       P2   0x00008f    program     static C:\Users\dario\OneDrive\Desktop\digital 2\multiplexadoo.X\multiplexadoo.asm
                    START   0x000005    program     static C:\Users\dario\OneDrive\Desktop\digital 2\multiplexadoo.X\multiplexadoo.asm
             _.org_1_0047   0x000047    program     static C:\Users\dario\OneDrive\Desktop\digital 2\multiplexadoo.X\multiplexadoo.asm



                              Symbols - Sorted by Address
                     Name    Address   Location    Storage File                     
                ---------  ---------  ---------  --------- ---------                
                    START   0x000005    program     static C:\Users\dario\OneDrive\Desktop\digital 2\multiplexadoo.X\multiplexadoo.asm
                     MAIN   0x000041    program     static C:\Users\dario\OneDrive\Desktop\digital 2\multiplexadoo.X\multiplexadoo.asm
               ANTIREBOTE   0x000045    program     static C:\Users\dario\OneDrive\Desktop\digital 2\multiplexadoo.X\multiplexadoo.asm
             _.org_1_0047   0x000047    program     static C:\Users\dario\OneDrive\Desktop\digital 2\multiplexadoo.X\multiplexadoo.asm
             MULTIPLEXADO   0x00004a    program     static C:\Users\dario\OneDrive\Desktop\digital 2\multiplexadoo.X\multiplexadoo.asm
              INCREMENTAR   0x00005a    program     static C:\Users\dario\OneDrive\Desktop\digital 2\multiplexadoo.X\multiplexadoo.asm
         AUMENTAR_DECENAS   0x000061    program     static C:\Users\dario\OneDrive\Desktop\digital 2\multiplexadoo.X\multiplexadoo.asm
        AUMENTAR_CENTENAS   0x000073    program     static C:\Users\dario\OneDrive\Desktop\digital 2\multiplexadoo.X\multiplexadoo.asm
               DELAY_20MS   0x00008b    program     static C:\Users\dario\OneDrive\Desktop\digital 2\multiplexadoo.X\multiplexadoo.asm
                       P1   0x00008d    program     static C:\Users\dario\OneDrive\Desktop\digital 2\multiplexadoo.X\multiplexadoo.asm
                       P2   0x00008f    program     static C:\Users\dario\OneDrive\Desktop\digital 2\multiplexadoo.X\multiplexadoo.asm
               DELAY_50MS   0x000094    program     static C:\Users\dario\OneDrive\Desktop\digital 2\multiplexadoo.X\multiplexadoo.asm
                       D1   0x000096    program     static C:\Users\dario\OneDrive\Desktop\digital 2\multiplexadoo.X\multiplexadoo.asm
                       D2   0x000098    program     static C:\Users\dario\OneDrive\Desktop\digital 2\multiplexadoo.X\multiplexadoo.asm


