MPLINK 5.09, LINKER
Linker Map File - Created Mon Apr 21 17:00:18 2025

                                 Section Info
                  Section       Type    Address   Location Size(Bytes)
                ---------  ---------  ---------  ---------  ---------
                   .org_0       code   0x000000    program   0x000002
                   .cinit    romdata   0x000001    program   0x000004
                   .org_1       code   0x000004    program   0x000002
                   .org_2       code   0x000005    program   0x0000b8
.config_2007_BUILD/DEFAULT/PRODUCTION/INTERRU       code   0x002007    program   0x000002



                              Program Memory Usage 
                               Start         End      
                           ---------   ---------      
                            0x000000    0x000002      
                            0x000004    0x000060      
                            0x002007    0x002007      
            97 out of 8455 program addresses used, program memory utilization is 1%



                              Symbols - Sorted by Name
                     Name    Address   Location    Storage File                     
                ---------  ---------  ---------  --------- ---------                
               ANTIREBOTE   0x000049    program     static C:\Users\dario\OneDrive\Desktop\digital 2\INTERRUPCION1DISPLAY.X\INTERRUPCION1DISPLAY.asm
                   CARGAR   0x00004e    program     static C:\Users\dario\OneDrive\Desktop\digital 2\INTERRUPCION1DISPLAY.X\INTERRUPCION1DISPLAY.asm
                 CONTEXTO   0x000044    program     static C:\Users\dario\OneDrive\Desktop\digital 2\INTERRUPCION1DISPLAY.X\INTERRUPCION1DISPLAY.asm
                    DELAY   0x000058    program     static C:\Users\dario\OneDrive\Desktop\digital 2\INTERRUPCION1DISPLAY.X\INTERRUPCION1DISPLAY.asm
             INTERRUPCION   0x00003f    program     static C:\Users\dario\OneDrive\Desktop\digital 2\INTERRUPCION1DISPLAY.X\INTERRUPCION1DISPLAY.asm
                       L1   0x00005a    program     static C:\Users\dario\OneDrive\Desktop\digital 2\INTERRUPCION1DISPLAY.X\INTERRUPCION1DISPLAY.asm
                       L2   0x00005c    program     static C:\Users\dario\OneDrive\Desktop\digital 2\INTERRUPCION1DISPLAY.X\INTERRUPCION1DISPLAY.asm
                    START   0x000006    program     static C:\Users\dario\OneDrive\Desktop\digital 2\INTERRUPCION1DISPLAY.X\INTERRUPCION1DISPLAY.asm
             _.org_2_003E   0x00003e    program     static C:\Users\dario\OneDrive\Desktop\digital 2\INTERRUPCION1DISPLAY.X\INTERRUPCION1DISPLAY.asm



                              Symbols - Sorted by Address
                     Name    Address   Location    Storage File                     
                ---------  ---------  ---------  --------- ---------                
                    START   0x000006    program     static C:\Users\dario\OneDrive\Desktop\digital 2\INTERRUPCION1DISPLAY.X\INTERRUPCION1DISPLAY.asm
             _.org_2_003E   0x00003e    program     static C:\Users\dario\OneDrive\Desktop\digital 2\INTERRUPCION1DISPLAY.X\INTERRUPCION1DISPLAY.asm
             INTERRUPCION   0x00003f    program     static C:\Users\dario\OneDrive\Desktop\digital 2\INTERRUPCION1DISPLAY.X\INTERRUPCION1DISPLAY.asm
                 CONTEXTO   0x000044    program     static C:\Users\dario\OneDrive\Desktop\digital 2\INTERRUPCION1DISPLAY.X\INTERRUPCION1DISPLAY.asm
               ANTIREBOTE   0x000049    program     static C:\Users\dario\OneDrive\Desktop\digital 2\INTERRUPCION1DISPLAY.X\INTERRUPCION1DISPLAY.asm
                   CARGAR   0x00004e    program     static C:\Users\dario\OneDrive\Desktop\digital 2\INTERRUPCION1DISPLAY.X\INTERRUPCION1DISPLAY.asm
                    DELAY   0x000058    program     static C:\Users\dario\OneDrive\Desktop\digital 2\INTERRUPCION1DISPLAY.X\INTERRUPCION1DISPLAY.asm
                       L1   0x00005a    program     static C:\Users\dario\OneDrive\Desktop\digital 2\INTERRUPCION1DISPLAY.X\INTERRUPCION1DISPLAY.asm
                       L2   0x00005c    program     static C:\Users\dario\OneDrive\Desktop\digital 2\INTERRUPCION1DISPLAY.X\INTERRUPCION1DISPLAY.asm


