MPLINK 5.09, LINKER
Linker Map File - Created Sun May 04 19:30:46 2025

                                 Section Info
                  Section       Type    Address   Location Size(Bytes)
                ---------  ---------  ---------  ---------  ---------
                   .org_0       code   0x000000    program   0x0000a4
                   .cinit    romdata   0x000052    program   0x000004
.config_2007_BUILD/DEFAULT/PRODUCTION/MATRICI       code   0x002007    program   0x000002



                              Program Memory Usage 
                               Start         End      
                           ---------   ---------      
                            0x000000    0x000053      
                            0x002007    0x002007      
            85 out of 8455 program addresses used, program memory utilization is 1%



                              Symbols - Sorted by Name
                     Name    Address   Location    Storage File                     
                ---------  ---------  ---------  --------- ---------                
        CHECKEAR_COLUMNAS   0x000039    program     static C:\Users\dario\OneDrive\Desktop\digital 2\MATRICIAL.X\MATRICIAL.asm
                    DELAY   0x000049    program     static C:\Users\dario\OneDrive\Desktop\digital 2\MATRICIAL.X\MATRICIAL.asm
                 ESCANEAR   0x000025    program     static C:\Users\dario\OneDrive\Desktop\digital 2\MATRICIAL.X\MATRICIAL.asm
                       L1   0x00004b    program     static C:\Users\dario\OneDrive\Desktop\digital 2\MATRICIAL.X\MATRICIAL.asm
                       L2   0x00004d    program     static C:\Users\dario\OneDrive\Desktop\digital 2\MATRICIAL.X\MATRICIAL.asm
                MAIN_LOOP   0x00001f    program     static C:\Users\dario\OneDrive\Desktop\digital 2\MATRICIAL.X\MATRICIAL.asm
                    START   0x000012    program     static C:\Users\dario\OneDrive\Desktop\digital 2\MATRICIAL.X\MATRICIAL.asm
                    TABLA   0x000001    program     static C:\Users\dario\OneDrive\Desktop\digital 2\MATRICIAL.X\MATRICIAL.asm



                              Symbols - Sorted by Address
                     Name    Address   Location    Storage File                     
                ---------  ---------  ---------  --------- ---------                
                    TABLA   0x000001    program     static C:\Users\dario\OneDrive\Desktop\digital 2\MATRICIAL.X\MATRICIAL.asm
                    START   0x000012    program     static C:\Users\dario\OneDrive\Desktop\digital 2\MATRICIAL.X\MATRICIAL.asm
                MAIN_LOOP   0x00001f    program     static C:\Users\dario\OneDrive\Desktop\digital 2\MATRICIAL.X\MATRICIAL.asm
                 ESCANEAR   0x000025    program     static C:\Users\dario\OneDrive\Desktop\digital 2\MATRICIAL.X\MATRICIAL.asm
        CHECKEAR_COLUMNAS   0x000039    program     static C:\Users\dario\OneDrive\Desktop\digital 2\MATRICIAL.X\MATRICIAL.asm
                    DELAY   0x000049    program     static C:\Users\dario\OneDrive\Desktop\digital 2\MATRICIAL.X\MATRICIAL.asm
                       L1   0x00004b    program     static C:\Users\dario\OneDrive\Desktop\digital 2\MATRICIAL.X\MATRICIAL.asm
                       L2   0x00004d    program     static C:\Users\dario\OneDrive\Desktop\digital 2\MATRICIAL.X\MATRICIAL.asm


