MPLINK 5.09, LINKER
Linker Map File - Created Tue Apr 22 00:06:48 2025

                                 Section Info
                  Section       Type    Address   Location Size(Bytes)
                ---------  ---------  ---------  ---------  ---------
                   .org_0       code   0x000000    program   0x000002
                   .cinit    romdata   0x000001    program   0x000004
                   .org_1       code   0x000005    program   0x000058
.config_2007_BUILD/DEFAULT/PRODUCTION/4-3.O       code   0x002007    program   0x000002



                              Program Memory Usage 
                               Start         End      
                           ---------   ---------      
                            0x000000    0x000002      
                            0x000005    0x000030      
                            0x002007    0x002007      
            48 out of 8455 program addresses used, program memory utilization is 0%



                              Symbols - Sorted by Name
                     Name    Address   Location    Storage File                     
                ---------  ---------  ---------  --------- ---------                
                    CEROS   0x000016    program     static C:\Users\dario\OneDrive\Desktop\digital 2\4-4.X\4-3.asm
                       D1   0x00002a    program     static C:\Users\dario\OneDrive\Desktop\digital 2\4-4.X\4-3.asm
                       D2   0x00002c    program     static C:\Users\dario\OneDrive\Desktop\digital 2\4-4.X\4-3.asm
                    DELAY   0x000028    program     static C:\Users\dario\OneDrive\Desktop\digital 2\4-4.X\4-3.asm
                       II   0x000025    program     static C:\Users\dario\OneDrive\Desktop\digital 2\4-4.X\4-3.asm
                       IO   0x000022    program     static C:\Users\dario\OneDrive\Desktop\digital 2\4-4.X\4-3.asm
                     MAIN   0x000013    program     static C:\Users\dario\OneDrive\Desktop\digital 2\4-4.X\4-3.asm
                       OI   0x00001c    program     static C:\Users\dario\OneDrive\Desktop\digital 2\4-4.X\4-3.asm
                       OO   0x000019    program     static C:\Users\dario\OneDrive\Desktop\digital 2\4-4.X\4-3.asm
                    START   0x000005    program     static C:\Users\dario\OneDrive\Desktop\digital 2\4-4.X\4-3.asm
                     UNOS   0x00001f    program     static C:\Users\dario\OneDrive\Desktop\digital 2\4-4.X\4-3.asm



                              Symbols - Sorted by Address
                     Name    Address   Location    Storage File                     
                ---------  ---------  ---------  --------- ---------                
                    START   0x000005    program     static C:\Users\dario\OneDrive\Desktop\digital 2\4-4.X\4-3.asm
                     MAIN   0x000013    program     static C:\Users\dario\OneDrive\Desktop\digital 2\4-4.X\4-3.asm
                    CEROS   0x000016    program     static C:\Users\dario\OneDrive\Desktop\digital 2\4-4.X\4-3.asm
                       OO   0x000019    program     static C:\Users\dario\OneDrive\Desktop\digital 2\4-4.X\4-3.asm
                       OI   0x00001c    program     static C:\Users\dario\OneDrive\Desktop\digital 2\4-4.X\4-3.asm
                     UNOS   0x00001f    program     static C:\Users\dario\OneDrive\Desktop\digital 2\4-4.X\4-3.asm
                       IO   0x000022    program     static C:\Users\dario\OneDrive\Desktop\digital 2\4-4.X\4-3.asm
                       II   0x000025    program     static C:\Users\dario\OneDrive\Desktop\digital 2\4-4.X\4-3.asm
                    DELAY   0x000028    program     static C:\Users\dario\OneDrive\Desktop\digital 2\4-4.X\4-3.asm
                       D1   0x00002a    program     static C:\Users\dario\OneDrive\Desktop\digital 2\4-4.X\4-3.asm
                       D2   0x00002c    program     static C:\Users\dario\OneDrive\Desktop\digital 2\4-4.X\4-3.asm


