MPLINK 5.09, LINKER
Linker Map File - Created Mon Apr 21 08:13:02 2025

                                 Section Info
                  Section       Type    Address   Location Size(Bytes)
                ---------  ---------  ---------  ---------  ---------
                   .org_0       code   0x000000    program   0x00013a
                   .cinit    romdata   0x00009d    program   0x000004
.config_2007_BUILD/DEFAULT/PRODUCTION/MULTIPL       code   0x002007    program   0x000002



                              Program Memory Usage 
                               Start         End      
                           ---------   ---------      
                            0x000000    0x00009e      
                            0x002007    0x002007      
            160 out of 8455 program addresses used, program memory utilization is 1%



                              Symbols - Sorted by Name
                     Name    Address   Location    Storage File                     
                ---------  ---------  ---------  --------- ---------                
               ANTIREBOTE   0x00003e    program     static C:\Users\dario\OneDrive\Desktop\digital 2\MULTIPLEXADO.X\MULTIPLEXADO.asm
        AUMENTAR_CENTENAS   0x000077    program     static C:\Users\dario\OneDrive\Desktop\digital 2\MULTIPLEXADO.X\MULTIPLEXADO.asm
         AUMENTAR_DECENAS   0x000064    program     static C:\Users\dario\OneDrive\Desktop\digital 2\MULTIPLEXADO.X\MULTIPLEXADO.asm
                       D1   0x00008d    program     static C:\Users\dario\OneDrive\Desktop\digital 2\MULTIPLEXADO.X\MULTIPLEXADO.asm
                       D2   0x00008f    program     static C:\Users\dario\OneDrive\Desktop\digital 2\MULTIPLEXADO.X\MULTIPLEXADO.asm
               DELAY_20MS   0x000094    program     static C:\Users\dario\OneDrive\Desktop\digital 2\MULTIPLEXADO.X\MULTIPLEXADO.asm
                DELAY_5MS   0x00008b    program     static C:\Users\dario\OneDrive\Desktop\digital 2\MULTIPLEXADO.X\MULTIPLEXADO.asm
              INCREMENTAR   0x00005b    program     static C:\Users\dario\OneDrive\Desktop\digital 2\MULTIPLEXADO.X\MULTIPLEXADO.asm
                     MAIN   0x000043    program     static C:\Users\dario\OneDrive\Desktop\digital 2\MULTIPLEXADO.X\MULTIPLEXADO.asm
             MULTIPLEXADO   0x000048    program     static C:\Users\dario\OneDrive\Desktop\digital 2\MULTIPLEXADO.X\MULTIPLEXADO.asm
                       P1   0x000096    program     static C:\Users\dario\OneDrive\Desktop\digital 2\MULTIPLEXADO.X\MULTIPLEXADO.asm
                       P2   0x000098    program     static C:\Users\dario\OneDrive\Desktop\digital 2\MULTIPLEXADO.X\MULTIPLEXADO.asm
                    START   0x000001    program     static C:\Users\dario\OneDrive\Desktop\digital 2\MULTIPLEXADO.X\MULTIPLEXADO.asm



                              Symbols - Sorted by Address
                     Name    Address   Location    Storage File                     
                ---------  ---------  ---------  --------- ---------                
                    START   0x000001    program     static C:\Users\dario\OneDrive\Desktop\digital 2\MULTIPLEXADO.X\MULTIPLEXADO.asm
               ANTIREBOTE   0x00003e    program     static C:\Users\dario\OneDrive\Desktop\digital 2\MULTIPLEXADO.X\MULTIPLEXADO.asm
                     MAIN   0x000043    program     static C:\Users\dario\OneDrive\Desktop\digital 2\MULTIPLEXADO.X\MULTIPLEXADO.asm
             MULTIPLEXADO   0x000048    program     static C:\Users\dario\OneDrive\Desktop\digital 2\MULTIPLEXADO.X\MULTIPLEXADO.asm
              INCREMENTAR   0x00005b    program     static C:\Users\dario\OneDrive\Desktop\digital 2\MULTIPLEXADO.X\MULTIPLEXADO.asm
         AUMENTAR_DECENAS   0x000064    program     static C:\Users\dario\OneDrive\Desktop\digital 2\MULTIPLEXADO.X\MULTIPLEXADO.asm
        AUMENTAR_CENTENAS   0x000077    program     static C:\Users\dario\OneDrive\Desktop\digital 2\MULTIPLEXADO.X\MULTIPLEXADO.asm
                DELAY_5MS   0x00008b    program     static C:\Users\dario\OneDrive\Desktop\digital 2\MULTIPLEXADO.X\MULTIPLEXADO.asm
                       D1   0x00008d    program     static C:\Users\dario\OneDrive\Desktop\digital 2\MULTIPLEXADO.X\MULTIPLEXADO.asm
                       D2   0x00008f    program     static C:\Users\dario\OneDrive\Desktop\digital 2\MULTIPLEXADO.X\MULTIPLEXADO.asm
               DELAY_20MS   0x000094    program     static C:\Users\dario\OneDrive\Desktop\digital 2\MULTIPLEXADO.X\MULTIPLEXADO.asm
                       P1   0x000096    program     static C:\Users\dario\OneDrive\Desktop\digital 2\MULTIPLEXADO.X\MULTIPLEXADO.asm
                       P2   0x000098    program     static C:\Users\dario\OneDrive\Desktop\digital 2\MULTIPLEXADO.X\MULTIPLEXADO.asm


