MPLINK 5.09, LINKER
Linker Map File - Created Wed May 07 18:21:43 2025

                                 Section Info
                  Section       Type    Address   Location Size(Bytes)
                ---------  ---------  ---------  ---------  ---------
                   .org_0       code   0x000000    program   0x000002
                   .cinit    romdata   0x000001    program   0x000004
                   .org_1       code   0x000005    program   0x000044
.config_2007_BUILD/DEFAULT/PRODUCTION/4-3.O       code   0x002007    program   0x000002



                              Program Memory Usage 
                               Start         End      
                           ---------   ---------      
                            0x000000    0x000002      
                            0x000005    0x000026      
                            0x002007    0x002007      
            38 out of 8455 program addresses used, program memory utilization is 0%



                              Symbols - Sorted by Name
                     Name    Address   Location    Storage File                     
                ---------  ---------  ---------  --------- ---------                
                       D1   0x000020    program     static C:\Users\dario\OneDrive\Desktop\digital 2\4-3.X\4-3.asm
                       D2   0x000022    program     static C:\Users\dario\OneDrive\Desktop\digital 2\4-3.X\4-3.asm
                    DELAY   0x00001e    program     static C:\Users\dario\OneDrive\Desktop\digital 2\4-3.X\4-3.asm
              INCREMENTAR   0x000016    program     static C:\Users\dario\OneDrive\Desktop\digital 2\4-3.X\4-3.asm
                     MAIN   0x000013    program     static C:\Users\dario\OneDrive\Desktop\digital 2\4-3.X\4-3.asm
                    START   0x000005    program     static C:\Users\dario\OneDrive\Desktop\digital 2\4-3.X\4-3.asm



                              Symbols - Sorted by Address
                     Name    Address   Location    Storage File                     
                ---------  ---------  ---------  --------- ---------                
                    START   0x000005    program     static C:\Users\dario\OneDrive\Desktop\digital 2\4-3.X\4-3.asm
                     MAIN   0x000013    program     static C:\Users\dario\OneDrive\Desktop\digital 2\4-3.X\4-3.asm
              INCREMENTAR   0x000016    program     static C:\Users\dario\OneDrive\Desktop\digital 2\4-3.X\4-3.asm
                    DELAY   0x00001e    program     static C:\Users\dario\OneDrive\Desktop\digital 2\4-3.X\4-3.asm
                       D1   0x000020    program     static C:\Users\dario\OneDrive\Desktop\digital 2\4-3.X\4-3.asm
                       D2   0x000022    program     static C:\Users\dario\OneDrive\Desktop\digital 2\4-3.X\4-3.asm


