MPLINK 5.09, LINKER
Linker Map File - Created Mon Apr 21 11:06:19 2025

                                 Section Info
                  Section       Type    Address   Location Size(Bytes)
                ---------  ---------  ---------  ---------  ---------
                   .org_0       code   0x000000    program   0x000002
                   .cinit    romdata   0x000001    program   0x000004
                   .org_1       code   0x000005    program   0x000096
.config_2007_BUILD/DEFAULT/PRODUCTION/DIRECCI       code   0x002007    program   0x000002



                              Program Memory Usage 
                               Start         End      
                           ---------   ---------      
                            0x000000    0x000002      
                            0x000005    0x00004f      
                            0x002007    0x002007      
            79 out of 8455 program addresses used, program memory utilization is 0%



                              Symbols - Sorted by Name
                     Name    Address   Location    Storage File                     
                ---------  ---------  ---------  --------- ---------                
               ANTIREBOTE   0x000035    program     static C:\Users\dario\OneDrive\Desktop\digital 2\clase2direccionamiento.X\direccionamiento.asm
                   CARGAR   0x00003a    program     static C:\Users\dario\OneDrive\Desktop\digital 2\clase2direccionamiento.X\direccionamiento.asm
                    DELAY   0x000047    program     static C:\Users\dario\OneDrive\Desktop\digital 2\clase2direccionamiento.X\direccionamiento.asm
                       L1   0x000049    program     static C:\Users\dario\OneDrive\Desktop\digital 2\clase2direccionamiento.X\direccionamiento.asm
                       L2   0x00004b    program     static C:\Users\dario\OneDrive\Desktop\digital 2\clase2direccionamiento.X\direccionamiento.asm
                     LOOP   0x000032    program     static C:\Users\dario\OneDrive\Desktop\digital 2\clase2direccionamiento.X\direccionamiento.asm
                    START   0x000005    program     static C:\Users\dario\OneDrive\Desktop\digital 2\clase2direccionamiento.X\direccionamiento.asm
             _.org_1_003F   0x00003f    program     static C:\Users\dario\OneDrive\Desktop\digital 2\clase2direccionamiento.X\direccionamiento.asm



                              Symbols - Sorted by Address
                     Name    Address   Location    Storage File                     
                ---------  ---------  ---------  --------- ---------                
                    START   0x000005    program     static C:\Users\dario\OneDrive\Desktop\digital 2\clase2direccionamiento.X\direccionamiento.asm
                     LOOP   0x000032    program     static C:\Users\dario\OneDrive\Desktop\digital 2\clase2direccionamiento.X\direccionamiento.asm
               ANTIREBOTE   0x000035    program     static C:\Users\dario\OneDrive\Desktop\digital 2\clase2direccionamiento.X\direccionamiento.asm
                   CARGAR   0x00003a    program     static C:\Users\dario\OneDrive\Desktop\digital 2\clase2direccionamiento.X\direccionamiento.asm
             _.org_1_003F   0x00003f    program     static C:\Users\dario\OneDrive\Desktop\digital 2\clase2direccionamiento.X\direccionamiento.asm
                    DELAY   0x000047    program     static C:\Users\dario\OneDrive\Desktop\digital 2\clase2direccionamiento.X\direccionamiento.asm
                       L1   0x000049    program     static C:\Users\dario\OneDrive\Desktop\digital 2\clase2direccionamiento.X\direccionamiento.asm
                       L2   0x00004b    program     static C:\Users\dario\OneDrive\Desktop\digital 2\clase2direccionamiento.X\direccionamiento.asm


