MPLINK 5.09, LINKER
Linker Map File - Created Wed Apr 30 21:04:56 2025

                                 Section Info
                  Section       Type    Address   Location Size(Bytes)
                ---------  ---------  ---------  ---------  ---------
                   .org_0       code   0x000000    program   0x000002
                   .cinit    romdata   0x000001    program   0x000004
                   .org_1       code   0x000005    program   0x000048
.config_2007_BUILD/DEFAULT/PRODUCTION/4-2.O       code   0x002007    program   0x000002



                              Program Memory Usage 
                               Start         End      
                           ---------   ---------      
                            0x000000    0x000002      
                            0x000005    0x000028      
                            0x002007    0x002007      
            40 out of 8455 program addresses used, program memory utilization is 0%



                              Symbols - Sorted by Name
                     Name    Address   Location    Storage File                     
                ---------  ---------  ---------  --------- ---------                
                    CERO1   0x00001c    program     static C:\Users\dario\OneDrive\Desktop\digital 2\ejercicio4-2.X\4-2.asm
                    CERO2   0x00001e    program     static C:\Users\dario\OneDrive\Desktop\digital 2\ejercicio4-2.X\4-2.asm
                       D1   0x000022    program     static C:\Users\dario\OneDrive\Desktop\digital 2\ejercicio4-2.X\4-2.asm
                       D2   0x000024    program     static C:\Users\dario\OneDrive\Desktop\digital 2\ejercicio4-2.X\4-2.asm
                    DELAY   0x000020    program     static C:\Users\dario\OneDrive\Desktop\digital 2\ejercicio4-2.X\4-2.asm
                     MAIN   0x000013    program     static C:\Users\dario\OneDrive\Desktop\digital 2\ejercicio4-2.X\4-2.asm
                    START   0x000005    program     static C:\Users\dario\OneDrive\Desktop\digital 2\ejercicio4-2.X\4-2.asm



                              Symbols - Sorted by Address
                     Name    Address   Location    Storage File                     
                ---------  ---------  ---------  --------- ---------                
                    START   0x000005    program     static C:\Users\dario\OneDrive\Desktop\digital 2\ejercicio4-2.X\4-2.asm
                     MAIN   0x000013    program     static C:\Users\dario\OneDrive\Desktop\digital 2\ejercicio4-2.X\4-2.asm
                    CERO1   0x00001c    program     static C:\Users\dario\OneDrive\Desktop\digital 2\ejercicio4-2.X\4-2.asm
                    CERO2   0x00001e    program     static C:\Users\dario\OneDrive\Desktop\digital 2\ejercicio4-2.X\4-2.asm
                    DELAY   0x000020    program     static C:\Users\dario\OneDrive\Desktop\digital 2\ejercicio4-2.X\4-2.asm
                       D1   0x000022    program     static C:\Users\dario\OneDrive\Desktop\digital 2\ejercicio4-2.X\4-2.asm
                       D2   0x000024    program     static C:\Users\dario\OneDrive\Desktop\digital 2\ejercicio4-2.X\4-2.asm


