MPLINK 5.09, LINKER
Linker Map File - Created Mon May 05 17:11:20 2025

                                 Section Info
                  Section       Type    Address   Location Size(Bytes)
                ---------  ---------  ---------  ---------  ---------
                   .org_0       code   0x000000    program   0x000002
                   .cinit    romdata   0x000001    program   0x000004
                   .org_1       code   0x000005    program   0x00003e
.config_2007_BUILD/DEFAULT/PRODUCTION/DAVID.O       code   0x002007    program   0x000002



                              Program Memory Usage 
                               Start         End      
                           ---------   ---------      
                            0x000000    0x000002      
                            0x000005    0x000023      
                            0x002007    0x002007      
            35 out of 8455 program addresses used, program memory utilization is 0%



                              Symbols - Sorted by Name
                     Name    Address   Location    Storage File                     
                ---------  ---------  ---------  --------- ---------                
                 DEBOUNCE   0x000014    program     static C:\Users\dario\OneDrive\Desktop\digital 2\david.X\david.asm
               DELAY_20MS   0x00001b    program     static C:\Users\dario\OneDrive\Desktop\digital 2\david.X\david.asm
                       L1   0x00001d    program     static C:\Users\dario\OneDrive\Desktop\digital 2\david.X\david.asm
                       L2   0x00001f    program     static C:\Users\dario\OneDrive\Desktop\digital 2\david.X\david.asm
                     LOOP   0x000011    program     static C:\Users\dario\OneDrive\Desktop\digital 2\david.X\david.asm
                    START   0x000005    program     static C:\Users\dario\OneDrive\Desktop\digital 2\david.X\david.asm
             _.org_1_0019   0x000019    program     static C:\Users\dario\OneDrive\Desktop\digital 2\david.X\david.asm



                              Symbols - Sorted by Address
                     Name    Address   Location    Storage File                     
                ---------  ---------  ---------  --------- ---------                
                    START   0x000005    program     static C:\Users\dario\OneDrive\Desktop\digital 2\david.X\david.asm
                     LOOP   0x000011    program     static C:\Users\dario\OneDrive\Desktop\digital 2\david.X\david.asm
                 DEBOUNCE   0x000014    program     static C:\Users\dario\OneDrive\Desktop\digital 2\david.X\david.asm
             _.org_1_0019   0x000019    program     static C:\Users\dario\OneDrive\Desktop\digital 2\david.X\david.asm
               DELAY_20MS   0x00001b    program     static C:\Users\dario\OneDrive\Desktop\digital 2\david.X\david.asm
                       L1   0x00001d    program     static C:\Users\dario\OneDrive\Desktop\digital 2\david.X\david.asm
                       L2   0x00001f    program     static C:\Users\dario\OneDrive\Desktop\digital 2\david.X\david.asm


