MPLINK 5.09, LINKER
Linker Map File - Created Sun May 04 20:44:34 2025

                                 Section Info
                  Section       Type    Address   Location Size(Bytes)
                ---------  ---------  ---------  ---------  ---------
                   .org_0       code   0x000000    program   0x000002
                   .cinit    romdata   0x000001    program   0x000004
                   .org_1       code   0x000004    program   0x000002
                   .org_2       code   0x000005    program   0x000128
.config_2007_BUILD/DEFAULT/PRODUCTION/TIMERSE       code   0x002007    program   0x000002



                              Program Memory Usage 
                               Start         End      
                           ---------   ---------      
                            0x000000    0x000002      
                            0x000004    0x000098      
                            0x002007    0x002007      
            153 out of 8455 program addresses used, program memory utilization is 1%



                              Symbols - Sorted by Name
                     Name    Address   Location    Storage File                     
                ---------  ---------  ---------  --------- ---------                
               ANTIREBOTE   0x000065    program     static C:\Users\dario\OneDrive\Desktop\digital 2\timersemaforo.X\timersemaforo.asm
                   CARGAR   0x00007b    program     static C:\Users\dario\OneDrive\Desktop\digital 2\timersemaforo.X\timersemaforo.asm
                 CONTEXTO   0x00005e    program     static C:\Users\dario\OneDrive\Desktop\digital 2\timersemaforo.X\timersemaforo.asm
                 DELAY_1S   0x00008c    program     static C:\Users\dario\OneDrive\Desktop\digital 2\timersemaforo.X\timersemaforo.asm
               DELAY_20MS   0x000083    program     static C:\Users\dario\OneDrive\Desktop\digital 2\timersemaforo.X\timersemaforo.asm
             INTERRUPCION   0x000057    program     static C:\Users\dario\OneDrive\Desktop\digital 2\timersemaforo.X\timersemaforo.asm
                       L1   0x000085    program     static C:\Users\dario\OneDrive\Desktop\digital 2\timersemaforo.X\timersemaforo.asm
                       L2   0x000087    program     static C:\Users\dario\OneDrive\Desktop\digital 2\timersemaforo.X\timersemaforo.asm
                       L3   0x000096    program     static C:\Users\dario\OneDrive\Desktop\digital 2\timersemaforo.X\timersemaforo.asm
                      LL1   0x00008e    program     static C:\Users\dario\OneDrive\Desktop\digital 2\timersemaforo.X\timersemaforo.asm
                      LL2   0x000090    program     static C:\Users\dario\OneDrive\Desktop\digital 2\timersemaforo.X\timersemaforo.asm
                     LOOP   0x000053    program     static C:\Users\dario\OneDrive\Desktop\digital 2\timersemaforo.X\timersemaforo.asm
                 RESETEAR   0x00006c    program     static C:\Users\dario\OneDrive\Desktop\digital 2\timersemaforo.X\timersemaforo.asm
                 SEMAFORO   0x000078    program     static C:\Users\dario\OneDrive\Desktop\digital 2\timersemaforo.X\timersemaforo.asm
                    START   0x000006    program     static C:\Users\dario\OneDrive\Desktop\digital 2\timersemaforo.X\timersemaforo.asm



                              Symbols - Sorted by Address
                     Name    Address   Location    Storage File                     
                ---------  ---------  ---------  --------- ---------                
                    START   0x000006    program     static C:\Users\dario\OneDrive\Desktop\digital 2\timersemaforo.X\timersemaforo.asm
                     LOOP   0x000053    program     static C:\Users\dario\OneDrive\Desktop\digital 2\timersemaforo.X\timersemaforo.asm
             INTERRUPCION   0x000057    program     static C:\Users\dario\OneDrive\Desktop\digital 2\timersemaforo.X\timersemaforo.asm
                 CONTEXTO   0x00005e    program     static C:\Users\dario\OneDrive\Desktop\digital 2\timersemaforo.X\timersemaforo.asm
               ANTIREBOTE   0x000065    program     static C:\Users\dario\OneDrive\Desktop\digital 2\timersemaforo.X\timersemaforo.asm
                 RESETEAR   0x00006c    program     static C:\Users\dario\OneDrive\Desktop\digital 2\timersemaforo.X\timersemaforo.asm
                 SEMAFORO   0x000078    program     static C:\Users\dario\OneDrive\Desktop\digital 2\timersemaforo.X\timersemaforo.asm
                   CARGAR   0x00007b    program     static C:\Users\dario\OneDrive\Desktop\digital 2\timersemaforo.X\timersemaforo.asm
               DELAY_20MS   0x000083    program     static C:\Users\dario\OneDrive\Desktop\digital 2\timersemaforo.X\timersemaforo.asm
                       L1   0x000085    program     static C:\Users\dario\OneDrive\Desktop\digital 2\timersemaforo.X\timersemaforo.asm
                       L2   0x000087    program     static C:\Users\dario\OneDrive\Desktop\digital 2\timersemaforo.X\timersemaforo.asm
                 DELAY_1S   0x00008c    program     static C:\Users\dario\OneDrive\Desktop\digital 2\timersemaforo.X\timersemaforo.asm
                      LL1   0x00008e    program     static C:\Users\dario\OneDrive\Desktop\digital 2\timersemaforo.X\timersemaforo.asm
                      LL2   0x000090    program     static C:\Users\dario\OneDrive\Desktop\digital 2\timersemaforo.X\timersemaforo.asm
                       L3   0x000096    program     static C:\Users\dario\OneDrive\Desktop\digital 2\timersemaforo.X\timersemaforo.asm


