MPLINK 5.09, LINKER
Linker Map File - Created Wed May 07 19:20:54 2025

                                 Section Info
                  Section       Type    Address   Location Size(Bytes)
                ---------  ---------  ---------  ---------  ---------
                   .org_0       code   0x000000    program   0x000002
                   .cinit    romdata   0x000001    program   0x000004
                   .org_1       code   0x000005    program   0x000112
.config_2007_BUILD/DEFAULT/DEBUG/TECLADOEMI.O       code   0x002007    program   0x000002



                              Program Memory Usage 
                               Start         End      
                           ---------   ---------      
                            0x000000    0x000002      
                            0x000005    0x00008d      
                            0x002007    0x002007      
            141 out of 8455 program addresses used, program memory utilization is 1%



                              Symbols - Sorted by Name
                     Name    Address   Location    Storage File                     
                ---------  ---------  ---------  --------- ---------                
                   BUSCAR   0x00003e    program     static C:\Users\dario\OneDrive\Desktop\digital 2\TECLADO.X\TECLADOEMI.asm
                  CHEQUEO   0x00004b    program     static C:\Users\dario\OneDrive\Desktop\digital 2\TECLADO.X\TECLADOEMI.asm
                   CODIGO   0x00005b    program     static C:\Users\dario\OneDrive\Desktop\digital 2\TECLADO.X\TECLADOEMI.asm
                      DBA   0x000032    program     static C:\Users\dario\OneDrive\Desktop\digital 2\TECLADO.X\TECLADOEMI.asm
               DELAY_20MS   0x000073    program     static C:\Users\dario\OneDrive\Desktop\digital 2\TECLADO.X\TECLADOEMI.asm
                      FIN   0x000058    program     static C:\Users\dario\OneDrive\Desktop\digital 2\TECLADO.X\TECLADOEMI.asm
                       L1   0x000075    program     static C:\Users\dario\OneDrive\Desktop\digital 2\TECLADO.X\TECLADOEMI.asm
                       L2   0x000077    program     static C:\Users\dario\OneDrive\Desktop\digital 2\TECLADO.X\TECLADOEMI.asm
             LOOKUP_TABLE   0x00007c    program     static C:\Users\dario\OneDrive\Desktop\digital 2\TECLADO.X\TECLADOEMI.asm
                    LOOP2   0x000038    program     static C:\Users\dario\OneDrive\Desktop\digital 2\TECLADO.X\TECLADOEMI.asm
                MULTIPLEX   0x000066    program     static C:\Users\dario\OneDrive\Desktop\digital 2\TECLADO.X\TECLADOEMI.asm
                  PROGRAM   0x000017    program     static C:\Users\dario\OneDrive\Desktop\digital 2\TECLADO.X\TECLADOEMI.asm
                REINICIAR   0x00006d    program     static C:\Users\dario\OneDrive\Desktop\digital 2\TECLADO.X\TECLADOEMI.asm
               REINICIAR2   0x000070    program     static C:\Users\dario\OneDrive\Desktop\digital 2\TECLADO.X\TECLADOEMI.asm
              RETURN_MULT   0x00006c    program     static C:\Users\dario\OneDrive\Desktop\digital 2\TECLADO.X\TECLADOEMI.asm
                    START   0x000005    program     static C:\Users\dario\OneDrive\Desktop\digital 2\TECLADO.X\TECLADOEMI.asm



                              Symbols - Sorted by Address
                     Name    Address   Location    Storage File                     
                ---------  ---------  ---------  --------- ---------                
                    START   0x000005    program     static C:\Users\dario\OneDrive\Desktop\digital 2\TECLADO.X\TECLADOEMI.asm
                  PROGRAM   0x000017    program     static C:\Users\dario\OneDrive\Desktop\digital 2\TECLADO.X\TECLADOEMI.asm
                      DBA   0x000032    program     static C:\Users\dario\OneDrive\Desktop\digital 2\TECLADO.X\TECLADOEMI.asm
                    LOOP2   0x000038    program     static C:\Users\dario\OneDrive\Desktop\digital 2\TECLADO.X\TECLADOEMI.asm
                   BUSCAR   0x00003e    program     static C:\Users\dario\OneDrive\Desktop\digital 2\TECLADO.X\TECLADOEMI.asm
                  CHEQUEO   0x00004b    program     static C:\Users\dario\OneDrive\Desktop\digital 2\TECLADO.X\TECLADOEMI.asm
                      FIN   0x000058    program     static C:\Users\dario\OneDrive\Desktop\digital 2\TECLADO.X\TECLADOEMI.asm
                   CODIGO   0x00005b    program     static C:\Users\dario\OneDrive\Desktop\digital 2\TECLADO.X\TECLADOEMI.asm
                MULTIPLEX   0x000066    program     static C:\Users\dario\OneDrive\Desktop\digital 2\TECLADO.X\TECLADOEMI.asm
              RETURN_MULT   0x00006c    program     static C:\Users\dario\OneDrive\Desktop\digital 2\TECLADO.X\TECLADOEMI.asm
                REINICIAR   0x00006d    program     static C:\Users\dario\OneDrive\Desktop\digital 2\TECLADO.X\TECLADOEMI.asm
               REINICIAR2   0x000070    program     static C:\Users\dario\OneDrive\Desktop\digital 2\TECLADO.X\TECLADOEMI.asm
               DELAY_20MS   0x000073    program     static C:\Users\dario\OneDrive\Desktop\digital 2\TECLADO.X\TECLADOEMI.asm
                       L1   0x000075    program     static C:\Users\dario\OneDrive\Desktop\digital 2\TECLADO.X\TECLADOEMI.asm
                       L2   0x000077    program     static C:\Users\dario\OneDrive\Desktop\digital 2\TECLADO.X\TECLADOEMI.asm
             LOOKUP_TABLE   0x00007c    program     static C:\Users\dario\OneDrive\Desktop\digital 2\TECLADO.X\TECLADOEMI.asm


