MPLINK 5.09, LINKER
Linker Map File - Created Wed May 14 20:39:53 2025

                                 Section Info
                  Section       Type    Address   Location Size(Bytes)
                ---------  ---------  ---------  ---------  ---------
                   .org_0       code   0x000000    program   0x000002
                   .cinit    romdata   0x000001    program   0x000004
                   .org_1       code   0x000004    program   0x000002
                   .org_2       code   0x000005    program   0x00008a
.config_2007_BUILD/DEFAULT/PRODUCTION/5-2.O       code   0x002007    program   0x000002



                              Program Memory Usage 
                               Start         End      
                           ---------   ---------      
                            0x000000    0x000002      
                            0x000004    0x000049      
                            0x002007    0x002007      
            74 out of 8455 program addresses used, program memory utilization is 0%



                              Symbols - Sorted by Name
                     Name    Address   Location    Storage File                     
                ---------  ---------  ---------  --------- ---------                
                  CAMBIOS   0x000030    program     static C:\Users\dario\OneDrive\Desktop\digital 2\5-2.X\5-2.asm
                    DELAY   0x000041    program     static C:\Users\dario\OneDrive\Desktop\digital 2\5-2.X\5-2.asm
         DEVUELVOCONTEXTO   0x00003c    program     static C:\Users\dario\OneDrive\Desktop\digital 2\5-2.X\5-2.asm
             INTERRUPCION   0x00002b    program     static C:\Users\dario\OneDrive\Desktop\digital 2\5-2.X\5-2.asm
                       L1   0x000043    program     static C:\Users\dario\OneDrive\Desktop\digital 2\5-2.X\5-2.asm
                       L2   0x000045    program     static C:\Users\dario\OneDrive\Desktop\digital 2\5-2.X\5-2.asm
                    RESET   0x000038    program     static C:\Users\dario\OneDrive\Desktop\digital 2\5-2.X\5-2.asm
                    START   0x000006    program     static C:\Users\dario\OneDrive\Desktop\digital 2\5-2.X\5-2.asm
                     loop   0x00002a    program     static C:\Users\dario\OneDrive\Desktop\digital 2\5-2.X\5-2.asm



                              Symbols - Sorted by Address
                     Name    Address   Location    Storage File                     
                ---------  ---------  ---------  --------- ---------                
                    START   0x000006    program     static C:\Users\dario\OneDrive\Desktop\digital 2\5-2.X\5-2.asm
                     loop   0x00002a    program     static C:\Users\dario\OneDrive\Desktop\digital 2\5-2.X\5-2.asm
             INTERRUPCION   0x00002b    program     static C:\Users\dario\OneDrive\Desktop\digital 2\5-2.X\5-2.asm
                  CAMBIOS   0x000030    program     static C:\Users\dario\OneDrive\Desktop\digital 2\5-2.X\5-2.asm
                    RESET   0x000038    program     static C:\Users\dario\OneDrive\Desktop\digital 2\5-2.X\5-2.asm
         DEVUELVOCONTEXTO   0x00003c    program     static C:\Users\dario\OneDrive\Desktop\digital 2\5-2.X\5-2.asm
                    DELAY   0x000041    program     static C:\Users\dario\OneDrive\Desktop\digital 2\5-2.X\5-2.asm
                       L1   0x000043    program     static C:\Users\dario\OneDrive\Desktop\digital 2\5-2.X\5-2.asm
                       L2   0x000045    program     static C:\Users\dario\OneDrive\Desktop\digital 2\5-2.X\5-2.asm


