MPLINK 5.09, LINKER
Linker Map File - Created Wed Apr 30 17:48:14 2025

                                 Section Info
                  Section       Type    Address   Location Size(Bytes)
                ---------  ---------  ---------  ---------  ---------
                   .org_0       code   0x000000    program   0x000002
                   .cinit    romdata   0x000001    program   0x000004
                   .org_1       code   0x000005    program   0x000078
.config_2007_BUILD/DEFAULT/PRODUCTION/MAXIA.O       code   0x002007    program   0x000002



                              Program Memory Usage 
                               Start         End      
                           ---------   ---------      
                            0x000000    0x000002      
                            0x000005    0x000040      
                            0x002007    0x002007      
            64 out of 8455 program addresses used, program memory utilization is 0%



                              Symbols - Sorted by Name
                     Name    Address   Location    Storage File                     
                ---------  ---------  ---------  --------- ---------                
                   DELAY1   0x000034    program     static C:\Users\dario\OneDrive\Desktop\digital 2\MAXI.X\MAXIA.asm
                       L1   0x000036    program     static C:\Users\dario\OneDrive\Desktop\digital 2\MAXI.X\MAXIA.asm
                       L2   0x00003a    program     static C:\Users\dario\OneDrive\Desktop\digital 2\MAXI.X\MAXIA.asm
                     LOOP   0x000028    program     static C:\Users\dario\OneDrive\Desktop\digital 2\MAXI.X\MAXIA.asm
                    SETUP   0x000005    program     static C:\Users\dario\OneDrive\Desktop\digital 2\MAXI.X\MAXIA.asm



                              Symbols - Sorted by Address
                     Name    Address   Location    Storage File                     
                ---------  ---------  ---------  --------- ---------                
                    SETUP   0x000005    program     static C:\Users\dario\OneDrive\Desktop\digital 2\MAXI.X\MAXIA.asm
                     LOOP   0x000028    program     static C:\Users\dario\OneDrive\Desktop\digital 2\MAXI.X\MAXIA.asm
                   DELAY1   0x000034    program     static C:\Users\dario\OneDrive\Desktop\digital 2\MAXI.X\MAXIA.asm
                       L1   0x000036    program     static C:\Users\dario\OneDrive\Desktop\digital 2\MAXI.X\MAXIA.asm
                       L2   0x00003a    program     static C:\Users\dario\OneDrive\Desktop\digital 2\MAXI.X\MAXIA.asm


