MPLINK 5.09, LINKER
Linker Map File - Created Sun May 11 16:08:34 2025

                                 Section Info
                  Section       Type    Address   Location Size(Bytes)
                ---------  ---------  ---------  ---------  ---------
                   .org_0       code   0x000000    program   0x000002
                   .cinit    romdata   0x000001    program   0x000004
                   .org_1       code   0x000004    program   0x000002
                   .org_2       code   0x000005    program   0x0000c4
.config_2007_BUILD/DEFAULT/PRODUCTION/5-7CON-       code   0x002007    program   0x000002



                              Program Memory Usage 
                               Start         End      
                           ---------   ---------      
                            0x000000    0x000002      
                            0x000004    0x000066      
                            0x002007    0x002007      
            103 out of 8455 program addresses used, program memory utilization is 1%



                              Symbols - Sorted by Name
                     Name    Address   Location    Storage File                     
                ---------  ---------  ---------  --------- ---------                
               ANTIREBOTE   0x00004f    program     static C:\Users\dario\OneDrive\Desktop\digital 2\5-7CON-ANODO-COMUN.X\5-7CON-ANODO-COMUN.asm
                   CARGAR   0x000054    program     static C:\Users\dario\OneDrive\Desktop\digital 2\5-7CON-ANODO-COMUN.X\5-7CON-ANODO-COMUN.asm
                 CONTEXTO   0x00004a    program     static C:\Users\dario\OneDrive\Desktop\digital 2\5-7CON-ANODO-COMUN.X\5-7CON-ANODO-COMUN.asm
                    DELAY   0x00005e    program     static C:\Users\dario\OneDrive\Desktop\digital 2\5-7CON-ANODO-COMUN.X\5-7CON-ANODO-COMUN.asm
             INTERRUPCION   0x000045    program     static C:\Users\dario\OneDrive\Desktop\digital 2\5-7CON-ANODO-COMUN.X\5-7CON-ANODO-COMUN.asm
                       L1   0x000060    program     static C:\Users\dario\OneDrive\Desktop\digital 2\5-7CON-ANODO-COMUN.X\5-7CON-ANODO-COMUN.asm
                       L2   0x000062    program     static C:\Users\dario\OneDrive\Desktop\digital 2\5-7CON-ANODO-COMUN.X\5-7CON-ANODO-COMUN.asm
                    START   0x000006    program     static C:\Users\dario\OneDrive\Desktop\digital 2\5-7CON-ANODO-COMUN.X\5-7CON-ANODO-COMUN.asm
             _.org_2_0044   0x000044    program     static C:\Users\dario\OneDrive\Desktop\digital 2\5-7CON-ANODO-COMUN.X\5-7CON-ANODO-COMUN.asm



                              Symbols - Sorted by Address
                     Name    Address   Location    Storage File                     
                ---------  ---------  ---------  --------- ---------                
                    START   0x000006    program     static C:\Users\dario\OneDrive\Desktop\digital 2\5-7CON-ANODO-COMUN.X\5-7CON-ANODO-COMUN.asm
             _.org_2_0044   0x000044    program     static C:\Users\dario\OneDrive\Desktop\digital 2\5-7CON-ANODO-COMUN.X\5-7CON-ANODO-COMUN.asm
             INTERRUPCION   0x000045    program     static C:\Users\dario\OneDrive\Desktop\digital 2\5-7CON-ANODO-COMUN.X\5-7CON-ANODO-COMUN.asm
                 CONTEXTO   0x00004a    program     static C:\Users\dario\OneDrive\Desktop\digital 2\5-7CON-ANODO-COMUN.X\5-7CON-ANODO-COMUN.asm
               ANTIREBOTE   0x00004f    program     static C:\Users\dario\OneDrive\Desktop\digital 2\5-7CON-ANODO-COMUN.X\5-7CON-ANODO-COMUN.asm
                   CARGAR   0x000054    program     static C:\Users\dario\OneDrive\Desktop\digital 2\5-7CON-ANODO-COMUN.X\5-7CON-ANODO-COMUN.asm
                    DELAY   0x00005e    program     static C:\Users\dario\OneDrive\Desktop\digital 2\5-7CON-ANODO-COMUN.X\5-7CON-ANODO-COMUN.asm
                       L1   0x000060    program     static C:\Users\dario\OneDrive\Desktop\digital 2\5-7CON-ANODO-COMUN.X\5-7CON-ANODO-COMUN.asm
                       L2   0x000062    program     static C:\Users\dario\OneDrive\Desktop\digital 2\5-7CON-ANODO-COMUN.X\5-7CON-ANODO-COMUN.asm


