MPLINK 5.09, LINKER
Linker Map File - Created Wed May 14 18:02:09 2025

                                 Section Info
                  Section       Type    Address   Location Size(Bytes)
                ---------  ---------  ---------  ---------  ---------
                   .org_0       code   0x000000    program   0x000002
                   .cinit    romdata   0x000001    program   0x000004
                   .org_1       code   0x000004    program   0x000002
                   .org_2       code   0x000005    program   0x0000d2
.config_2007_BUILD/DEFAULT/PRODUCTION/5-5.O       code   0x002007    program   0x000002



                              Program Memory Usage 
                               Start         End      
                           ---------   ---------      
                            0x000000    0x000002      
                            0x000004    0x00006d      
                            0x002007    0x002007      
            110 out of 8455 program addresses used, program memory utilization is 1%



                              Symbols - Sorted by Name
                     Name    Address   Location    Storage File                     
                ---------  ---------  ---------  --------- ---------                
                    DELAY   0x00005c    program     static C:\Users\dario\OneDrive\Desktop\digital 2\5-5.X\5-5.asm
                 DELAY_1S   0x000065    program     static C:\Users\dario\OneDrive\Desktop\digital 2\5-5.X\5-5.asm
         DEVUELVOCONTEXTO   0x000057    program     static C:\Users\dario\OneDrive\Desktop\digital 2\5-5.X\5-5.asm
             INTERRUPCION   0x00002e    program     static C:\Users\dario\OneDrive\Desktop\digital 2\5-5.X\5-5.asm
                    L1_1S   0x000067    program     static C:\Users\dario\OneDrive\Desktop\digital 2\5-5.X\5-5.asm
                  L1_20MS   0x00005e    program     static C:\Users\dario\OneDrive\Desktop\digital 2\5-5.X\5-5.asm
                    L2_1S   0x000069    program     static C:\Users\dario\OneDrive\Desktop\digital 2\5-5.X\5-5.asm
                  L2_20MS   0x000060    program     static C:\Users\dario\OneDrive\Desktop\digital 2\5-5.X\5-5.asm
                     MAIN   0x00001e    program     static C:\Users\dario\OneDrive\Desktop\digital 2\5-5.X\5-5.asm
                    PARAR   0x000036    program     static C:\Users\dario\OneDrive\Desktop\digital 2\5-5.X\5-5.asm
                 PARPADEO   0x000022    program     static C:\Users\dario\OneDrive\Desktop\digital 2\5-5.X\5-5.asm
                    START   0x000006    program     static C:\Users\dario\OneDrive\Desktop\digital 2\5-5.X\5-5.asm



                              Symbols - Sorted by Address
                     Name    Address   Location    Storage File                     
                ---------  ---------  ---------  --------- ---------                
                    START   0x000006    program     static C:\Users\dario\OneDrive\Desktop\digital 2\5-5.X\5-5.asm
                     MAIN   0x00001e    program     static C:\Users\dario\OneDrive\Desktop\digital 2\5-5.X\5-5.asm
                 PARPADEO   0x000022    program     static C:\Users\dario\OneDrive\Desktop\digital 2\5-5.X\5-5.asm
             INTERRUPCION   0x00002e    program     static C:\Users\dario\OneDrive\Desktop\digital 2\5-5.X\5-5.asm
                    PARAR   0x000036    program     static C:\Users\dario\OneDrive\Desktop\digital 2\5-5.X\5-5.asm
         DEVUELVOCONTEXTO   0x000057    program     static C:\Users\dario\OneDrive\Desktop\digital 2\5-5.X\5-5.asm
                    DELAY   0x00005c    program     static C:\Users\dario\OneDrive\Desktop\digital 2\5-5.X\5-5.asm
                  L1_20MS   0x00005e    program     static C:\Users\dario\OneDrive\Desktop\digital 2\5-5.X\5-5.asm
                  L2_20MS   0x000060    program     static C:\Users\dario\OneDrive\Desktop\digital 2\5-5.X\5-5.asm
                 DELAY_1S   0x000065    program     static C:\Users\dario\OneDrive\Desktop\digital 2\5-5.X\5-5.asm
                    L1_1S   0x000067    program     static C:\Users\dario\OneDrive\Desktop\digital 2\5-5.X\5-5.asm
                    L2_1S   0x000069    program     static C:\Users\dario\OneDrive\Desktop\digital 2\5-5.X\5-5.asm


