MPLINK 5.09, LINKER
Linker Map File - Created Tue May 20 15:35:31 2025

                                 Section Info
                  Section       Type    Address   Location Size(Bytes)
                ---------  ---------  ---------  ---------  ---------
                   .org_0       code   0x000000    program   0x000002
                   .cinit    romdata   0x000001    program   0x000004
                   .org_1       code   0x000004    program   0x000002
                   .org_2       code   0x000005    program   0x000104
.config_2007_BUILD/DEFAULT/PRODUCTION/ADC.O       code   0x002007    program   0x000002



                              Program Memory Usage 
                               Start         End      
                           ---------   ---------      
                            0x000000    0x000002      
                            0x000004    0x000086      
                            0x002007    0x002007      
            135 out of 8455 program addresses used, program memory utilization is 1%



                              Symbols - Sorted by Name
                     Name    Address   Location    Storage File                     
                ---------  ---------  ---------  --------- ---------                
                CARGO_ADC   0x000073    program     static C:\Users\dario\OneDrive\Desktop\digital 2\ADC.X\ADC.asm
               CARGO_LEDS   0x00003a    program     static C:\Users\dario\OneDrive\Desktop\digital 2\ADC.X\ADC.asm
                 CONTEXTO   0x000034    program     static C:\Users\dario\OneDrive\Desktop\digital 2\ADC.X\ADC.asm
               DELAY_20MS   0x00007e    program     static C:\Users\dario\OneDrive\Desktop\digital 2\ADC.X\ADC.asm
                   ESPERO   0x000076    program     static C:\Users\dario\OneDrive\Desktop\digital 2\ADC.X\ADC.asm
             INTERRUPCION   0x00002f    program     static C:\Users\dario\OneDrive\Desktop\digital 2\ADC.X\ADC.asm
                       L1   0x000080    program     static C:\Users\dario\OneDrive\Desktop\digital 2\ADC.X\ADC.asm
                       L2   0x000082    program     static C:\Users\dario\OneDrive\Desktop\digital 2\ADC.X\ADC.asm
                     LED1   0x00005b    program     static C:\Users\dario\OneDrive\Desktop\digital 2\ADC.X\ADC.asm
                     LED2   0x00005e    program     static C:\Users\dario\OneDrive\Desktop\digital 2\ADC.X\ADC.asm
                     LED3   0x000061    program     static C:\Users\dario\OneDrive\Desktop\digital 2\ADC.X\ADC.asm
                     LED4   0x000064    program     static C:\Users\dario\OneDrive\Desktop\digital 2\ADC.X\ADC.asm
                     LED5   0x000067    program     static C:\Users\dario\OneDrive\Desktop\digital 2\ADC.X\ADC.asm
                     LED6   0x00006a    program     static C:\Users\dario\OneDrive\Desktop\digital 2\ADC.X\ADC.asm
                     LED7   0x00006d    program     static C:\Users\dario\OneDrive\Desktop\digital 2\ADC.X\ADC.asm
                     LED8   0x000070    program     static C:\Users\dario\OneDrive\Desktop\digital 2\ADC.X\ADC.asm
                     LOOP   0x00002e    program     static C:\Users\dario\OneDrive\Desktop\digital 2\ADC.X\ADC.asm
                    START   0x000006    program     static C:\Users\dario\OneDrive\Desktop\digital 2\ADC.X\ADC.asm



                              Symbols - Sorted by Address
                     Name    Address   Location    Storage File                     
                ---------  ---------  ---------  --------- ---------                
                    START   0x000006    program     static C:\Users\dario\OneDrive\Desktop\digital 2\ADC.X\ADC.asm
                     LOOP   0x00002e    program     static C:\Users\dario\OneDrive\Desktop\digital 2\ADC.X\ADC.asm
             INTERRUPCION   0x00002f    program     static C:\Users\dario\OneDrive\Desktop\digital 2\ADC.X\ADC.asm
                 CONTEXTO   0x000034    program     static C:\Users\dario\OneDrive\Desktop\digital 2\ADC.X\ADC.asm
               CARGO_LEDS   0x00003a    program     static C:\Users\dario\OneDrive\Desktop\digital 2\ADC.X\ADC.asm
                     LED1   0x00005b    program     static C:\Users\dario\OneDrive\Desktop\digital 2\ADC.X\ADC.asm
                     LED2   0x00005e    program     static C:\Users\dario\OneDrive\Desktop\digital 2\ADC.X\ADC.asm
                     LED3   0x000061    program     static C:\Users\dario\OneDrive\Desktop\digital 2\ADC.X\ADC.asm
                     LED4   0x000064    program     static C:\Users\dario\OneDrive\Desktop\digital 2\ADC.X\ADC.asm
                     LED5   0x000067    program     static C:\Users\dario\OneDrive\Desktop\digital 2\ADC.X\ADC.asm
                     LED6   0x00006a    program     static C:\Users\dario\OneDrive\Desktop\digital 2\ADC.X\ADC.asm
                     LED7   0x00006d    program     static C:\Users\dario\OneDrive\Desktop\digital 2\ADC.X\ADC.asm
                     LED8   0x000070    program     static C:\Users\dario\OneDrive\Desktop\digital 2\ADC.X\ADC.asm
                CARGO_ADC   0x000073    program     static C:\Users\dario\OneDrive\Desktop\digital 2\ADC.X\ADC.asm
                   ESPERO   0x000076    program     static C:\Users\dario\OneDrive\Desktop\digital 2\ADC.X\ADC.asm
               DELAY_20MS   0x00007e    program     static C:\Users\dario\OneDrive\Desktop\digital 2\ADC.X\ADC.asm
                       L1   0x000080    program     static C:\Users\dario\OneDrive\Desktop\digital 2\ADC.X\ADC.asm
                       L2   0x000082    program     static C:\Users\dario\OneDrive\Desktop\digital 2\ADC.X\ADC.asm


