MPLINK 5.09, LINKER
Linker Map File - Created Thu Apr 03 15:56:40 2025

                                 Section Info
                  Section       Type    Address   Location Size(Bytes)
                ---------  ---------  ---------  ---------  ---------
                   .org_0       code   0x000000    program   0x000002
                   .cinit    romdata   0x000001    program   0x000004
                   .org_1       code   0x000005    program   0x0000c4
.config_2007_BUILD/DEFAULT/PRODUCTION/MAIN.O       code   0x002007    program   0x000002



                              Program Memory Usage 
                               Start         End      
                           ---------   ---------      
                            0x000000    0x000002      
                            0x000005    0x000066      
                            0x002007    0x002007      
            102 out of 8455 program addresses used, program memory utilization is 1%



                              Symbols - Sorted by Name
                     Name    Address   Location    Storage File                     
                ---------  ---------  ---------  --------- ---------                
                    DELAY   0x00005e    program     static C:\Users\dario\OneDrive\Desktop\Prueba.X\main.asm
                       L1   0x000060    program     static C:\Users\dario\OneDrive\Desktop\Prueba.X\main.asm
                       L2   0x000062    program     static C:\Users\dario\OneDrive\Desktop\Prueba.X\main.asm
                     LOOP   0x000025    program     static C:\Users\dario\OneDrive\Desktop\Prueba.X\main.asm
                    START   0x000005    program     static C:\Users\dario\OneDrive\Desktop\Prueba.X\main.asm



                              Symbols - Sorted by Address
                     Name    Address   Location    Storage File                     
                ---------  ---------  ---------  --------- ---------                
                    START   0x000005    program     static C:\Users\dario\OneDrive\Desktop\Prueba.X\main.asm
                     LOOP   0x000025    program     static C:\Users\dario\OneDrive\Desktop\Prueba.X\main.asm
                    DELAY   0x00005e    program     static C:\Users\dario\OneDrive\Desktop\Prueba.X\main.asm
                       L1   0x000060    program     static C:\Users\dario\OneDrive\Desktop\Prueba.X\main.asm
                       L2   0x000062    program     static C:\Users\dario\OneDrive\Desktop\Prueba.X\main.asm


