MPLINK 5.09, LINKER
Linker Map File - Created Mon Apr 07 13:00:39 2025

                                 Section Info
                  Section       Type    Address   Location Size(Bytes)
                ---------  ---------  ---------  ---------  ---------
                   .cinit    romdata   0x000000    program   0x000004
                   .org_1       code   0x000005    program   0x000032
.config_2007_BUILD/DEFAULT/PRODUCTION/PARCIAL       code   0x002007    program   0x000002



                              Program Memory Usage 
                               Start         End      
                           ---------   ---------      
                            0x000000    0x000001      
                            0x000005    0x00001d      
                            0x002007    0x002007      
            28 out of 8455 program addresses used, program memory utilization is 0%



                              Symbols - Sorted by Name
                     Name    Address   Location    Storage File                     
                ---------  ---------  ---------  --------- ---------                
                    CARGO   0x000009    program     static C:\Users\dario\OneDrive\Desktop\parcial.X\parcialej3.asm
                     SIGO   0x000012    program     static C:\Users\dario\OneDrive\Desktop\parcial.X\parcialej3.asm
                    START   0x000005    program     static C:\Users\dario\OneDrive\Desktop\parcial.X\parcialej3.asm



                              Symbols - Sorted by Address
                     Name    Address   Location    Storage File                     
                ---------  ---------  ---------  --------- ---------                
                    START   0x000005    program     static C:\Users\dario\OneDrive\Desktop\parcial.X\parcialej3.asm
                    CARGO   0x000009    program     static C:\Users\dario\OneDrive\Desktop\parcial.X\parcialej3.asm
                     SIGO   0x000012    program     static C:\Users\dario\OneDrive\Desktop\parcial.X\parcialej3.asm


