MPLINK 5.09, LINKER
Linker Map File - Created Thu Apr 03 17:30:07 2025

                                 Section Info
                  Section       Type    Address   Location Size(Bytes)
                ---------  ---------  ---------  ---------  ---------
                   .org_0       code   0x000000    program   0x000002
                   .cinit    romdata   0x000001    program   0x000004
                   .org_1       code   0x000005    program   0x000026
.config_2007_BUILD/DEFAULT/PRODUCTION/PROYECT       code   0x002007    program   0x000002



                              Program Memory Usage 
                               Start         End      
                           ---------   ---------      
                            0x000000    0x000002      
                            0x000005    0x000017      
                            0x002007    0x002007      
            23 out of 8455 program addresses used, program memory utilization is 0%



                              Symbols - Sorted by Name
                     Name    Address   Location    Storage File                     
                ---------  ---------  ---------  --------- ---------                
                    DELAY   0x00000f    program     static C:\Users\dario\OneDrive\Desktop\proyectoMaxi.X\proyectoMaxi.asm
                       L1   0x000011    program     static C:\Users\dario\OneDrive\Desktop\proyectoMaxi.X\proyectoMaxi.asm
                       L2   0x000013    program     static C:\Users\dario\OneDrive\Desktop\proyectoMaxi.X\proyectoMaxi.asm
                    START   0x000005    program     static C:\Users\dario\OneDrive\Desktop\proyectoMaxi.X\proyectoMaxi.asm
                   VUELVO   0x00000a    program     static C:\Users\dario\OneDrive\Desktop\proyectoMaxi.X\proyectoMaxi.asm



                              Symbols - Sorted by Address
                     Name    Address   Location    Storage File                     
                ---------  ---------  ---------  --------- ---------                
                    START   0x000005    program     static C:\Users\dario\OneDrive\Desktop\proyectoMaxi.X\proyectoMaxi.asm
                   VUELVO   0x00000a    program     static C:\Users\dario\OneDrive\Desktop\proyectoMaxi.X\proyectoMaxi.asm
                    DELAY   0x00000f    program     static C:\Users\dario\OneDrive\Desktop\proyectoMaxi.X\proyectoMaxi.asm
                       L1   0x000011    program     static C:\Users\dario\OneDrive\Desktop\proyectoMaxi.X\proyectoMaxi.asm
                       L2   0x000013    program     static C:\Users\dario\OneDrive\Desktop\proyectoMaxi.X\proyectoMaxi.asm


