MPLINK 5.09, LINKER
Linker Map File - Created Fri Apr 25 14:01:31 2025

                                 Section Info
                  Section       Type    Address   Location Size(Bytes)
                ---------  ---------  ---------  ---------  ---------
                   .org_0       code   0x000000    program   0x000002
                   .cinit    romdata   0x000001    program   0x000004
                   .org_1       code   0x000004    program   0x000002
                   .org_2       code   0x000005    program   0x0000bc
.config_2007_BUILD/DEFAULT/PRODUCTION/1DISPLA       code   0x002007    program   0x000002



                              Program Memory Usage 
                               Start         End      
                           ---------   ---------      
                            0x000000    0x000002      
                            0x000004    0x000062      
                            0x002007    0x002007      
            99 out of 8455 program addresses used, program memory utilization is 1%



                              Symbols - Sorted by Name
                     Name    Address   Location    Storage File                     
                ---------  ---------  ---------  --------- ---------                
               ANTIREBOTE   0x00004b    program     static C:\Users\dario\OneDrive\Desktop\digital 2\1displayinterrupcionconRBO.X\1displayinterrupcionRBO.asm
                   CARGAR   0x000050    program     static C:\Users\dario\OneDrive\Desktop\digital 2\1displayinterrupcionconRBO.X\1displayinterrupcionRBO.asm
                 CONTEXTO   0x000046    program     static C:\Users\dario\OneDrive\Desktop\digital 2\1displayinterrupcionconRBO.X\1displayinterrupcionRBO.asm
                    DELAY   0x00005a    program     static C:\Users\dario\OneDrive\Desktop\digital 2\1displayinterrupcionconRBO.X\1displayinterrupcionRBO.asm
             INTERRUPCION   0x000041    program     static C:\Users\dario\OneDrive\Desktop\digital 2\1displayinterrupcionconRBO.X\1displayinterrupcionRBO.asm
                       L1   0x00005c    program     static C:\Users\dario\OneDrive\Desktop\digital 2\1displayinterrupcionconRBO.X\1displayinterrupcionRBO.asm
                       L2   0x00005e    program     static C:\Users\dario\OneDrive\Desktop\digital 2\1displayinterrupcionconRBO.X\1displayinterrupcionRBO.asm
                    START   0x000006    program     static C:\Users\dario\OneDrive\Desktop\digital 2\1displayinterrupcionconRBO.X\1displayinterrupcionRBO.asm
             _.org_2_0040   0x000040    program     static C:\Users\dario\OneDrive\Desktop\digital 2\1displayinterrupcionconRBO.X\1displayinterrupcionRBO.asm



                              Symbols - Sorted by Address
                     Name    Address   Location    Storage File                     
                ---------  ---------  ---------  --------- ---------                
                    START   0x000006    program     static C:\Users\dario\OneDrive\Desktop\digital 2\1displayinterrupcionconRBO.X\1displayinterrupcionRBO.asm
             _.org_2_0040   0x000040    program     static C:\Users\dario\OneDrive\Desktop\digital 2\1displayinterrupcionconRBO.X\1displayinterrupcionRBO.asm
             INTERRUPCION   0x000041    program     static C:\Users\dario\OneDrive\Desktop\digital 2\1displayinterrupcionconRBO.X\1displayinterrupcionRBO.asm
                 CONTEXTO   0x000046    program     static C:\Users\dario\OneDrive\Desktop\digital 2\1displayinterrupcionconRBO.X\1displayinterrupcionRBO.asm
               ANTIREBOTE   0x00004b    program     static C:\Users\dario\OneDrive\Desktop\digital 2\1displayinterrupcionconRBO.X\1displayinterrupcionRBO.asm
                   CARGAR   0x000050    program     static C:\Users\dario\OneDrive\Desktop\digital 2\1displayinterrupcionconRBO.X\1displayinterrupcionRBO.asm
                    DELAY   0x00005a    program     static C:\Users\dario\OneDrive\Desktop\digital 2\1displayinterrupcionconRBO.X\1displayinterrupcionRBO.asm
                       L1   0x00005c    program     static C:\Users\dario\OneDrive\Desktop\digital 2\1displayinterrupcionconRBO.X\1displayinterrupcionRBO.asm
                       L2   0x00005e    program     static C:\Users\dario\OneDrive\Desktop\digital 2\1displayinterrupcionconRBO.X\1displayinterrupcionRBO.asm


