MPLINK 5.09, LINKER
Linker Map File - Created Sun May 11 14:24:31 2025

                                 Section Info
                  Section       Type    Address   Location Size(Bytes)
                ---------  ---------  ---------  ---------  ---------
                   .org_0       code   0x000000    program   0x000002
                   .cinit    romdata   0x000001    program   0x000004
                   .org_1       code   0x000004    program   0x000002
                   .org_2       code   0x000005    program   0x0000c4
.config_2007_BUILD/DEFAULT/PRODUCTION/5-4.O       code   0x002007    program   0x000002



                              Program Memory Usage 
                               Start         End      
                           ---------   ---------      
                            0x000000    0x000002      
                            0x000004    0x000066      
                            0x002007    0x002007      
            103 out of 8455 program addresses used, program memory utilization is 1%



                              Symbols - Sorted by Name
                     Name    Address   Location    Storage File                     
                ---------  ---------  ---------  --------- ---------                
                  CAMBIOS   0x000024    program     static C:\Users\dario\OneDrive\Desktop\digital 2\5-4.X\5-4.asm
                    DELAY   0x000055    program     static C:\Users\dario\OneDrive\Desktop\digital 2\5-4.X\5-4.asm
                 DELAY_1S   0x00005e    program     static C:\Users\dario\OneDrive\Desktop\digital 2\5-4.X\5-4.asm
         DEVUELVOCONTEXTO   0x000050    program     static C:\Users\dario\OneDrive\Desktop\digital 2\5-4.X\5-4.asm
                    FUEB5   0x00002f    program     static C:\Users\dario\OneDrive\Desktop\digital 2\5-4.X\5-4.asm
                   FUERB6   0x00003a    program     static C:\Users\dario\OneDrive\Desktop\digital 2\5-4.X\5-4.asm
                   FUERB7   0x000045    program     static C:\Users\dario\OneDrive\Desktop\digital 2\5-4.X\5-4.asm
             INTERRUPCION   0x00001f    program     static C:\Users\dario\OneDrive\Desktop\digital 2\5-4.X\5-4.asm
                    L1_1S   0x000060    program     static C:\Users\dario\OneDrive\Desktop\digital 2\5-4.X\5-4.asm
                  L1_20MS   0x000057    program     static C:\Users\dario\OneDrive\Desktop\digital 2\5-4.X\5-4.asm
                    L2_1S   0x000062    program     static C:\Users\dario\OneDrive\Desktop\digital 2\5-4.X\5-4.asm
                  L2_20MS   0x000059    program     static C:\Users\dario\OneDrive\Desktop\digital 2\5-4.X\5-4.asm
                     MAIN   0x00001e    program     static C:\Users\dario\OneDrive\Desktop\digital 2\5-4.X\5-4.asm
                    START   0x000006    program     static C:\Users\dario\OneDrive\Desktop\digital 2\5-4.X\5-4.asm



                              Symbols - Sorted by Address
                     Name    Address   Location    Storage File                     
                ---------  ---------  ---------  --------- ---------                
                    START   0x000006    program     static C:\Users\dario\OneDrive\Desktop\digital 2\5-4.X\5-4.asm
                     MAIN   0x00001e    program     static C:\Users\dario\OneDrive\Desktop\digital 2\5-4.X\5-4.asm
             INTERRUPCION   0x00001f    program     static C:\Users\dario\OneDrive\Desktop\digital 2\5-4.X\5-4.asm
                  CAMBIOS   0x000024    program     static C:\Users\dario\OneDrive\Desktop\digital 2\5-4.X\5-4.asm
                    FUEB5   0x00002f    program     static C:\Users\dario\OneDrive\Desktop\digital 2\5-4.X\5-4.asm
                   FUERB6   0x00003a    program     static C:\Users\dario\OneDrive\Desktop\digital 2\5-4.X\5-4.asm
                   FUERB7   0x000045    program     static C:\Users\dario\OneDrive\Desktop\digital 2\5-4.X\5-4.asm
         DEVUELVOCONTEXTO   0x000050    program     static C:\Users\dario\OneDrive\Desktop\digital 2\5-4.X\5-4.asm
                    DELAY   0x000055    program     static C:\Users\dario\OneDrive\Desktop\digital 2\5-4.X\5-4.asm
                  L1_20MS   0x000057    program     static C:\Users\dario\OneDrive\Desktop\digital 2\5-4.X\5-4.asm
                  L2_20MS   0x000059    program     static C:\Users\dario\OneDrive\Desktop\digital 2\5-4.X\5-4.asm
                 DELAY_1S   0x00005e    program     static C:\Users\dario\OneDrive\Desktop\digital 2\5-4.X\5-4.asm
                    L1_1S   0x000060    program     static C:\Users\dario\OneDrive\Desktop\digital 2\5-4.X\5-4.asm
                    L2_1S   0x000062    program     static C:\Users\dario\OneDrive\Desktop\digital 2\5-4.X\5-4.asm


