MPLINK 5.09, LINKER
Linker Map File - Created Mon May 12 16:39:12 2025

                                 Section Info
                  Section       Type    Address   Location Size(Bytes)
                ---------  ---------  ---------  ---------  ---------
                   .org_0       code   0x000000    program   0x000002
                   .cinit    romdata   0x000001    program   0x000004
                   .org_1       code   0x000005    program   0x000124
.config_2007_BUILD/DEFAULT/PRODUCTION/6-1POST       code   0x002007    program   0x000002



                              Program Memory Usage 
                               Start         End      
                           ---------   ---------      
                            0x000000    0x000002      
                            0x000005    0x000096      
                            0x002007    0x002007      
            150 out of 8455 program addresses used, program memory utilization is 1%



                              Symbols - Sorted by Name
                     Name    Address   Location    Storage File                     
                ---------  ---------  ---------  --------- ---------                
               DELAY_20MS   0x000078    program     static C:\Users\dario\OneDrive\Desktop\digital 2\6-1POSTA.X\6-1POSTA.asm
                    FILA1   0x000028    program     static C:\Users\dario\OneDrive\Desktop\digital 2\6-1POSTA.X\6-1POSTA.asm
                    FILA2   0x00003c    program     static C:\Users\dario\OneDrive\Desktop\digital 2\6-1POSTA.X\6-1POSTA.asm
                    FILA3   0x000050    program     static C:\Users\dario\OneDrive\Desktop\digital 2\6-1POSTA.X\6-1POSTA.asm
                    FILA4   0x000064    program     static C:\Users\dario\OneDrive\Desktop\digital 2\6-1POSTA.X\6-1POSTA.asm
                       L1   0x00007a    program     static C:\Users\dario\OneDrive\Desktop\digital 2\6-1POSTA.X\6-1POSTA.asm
                       L2   0x00007c    program     static C:\Users\dario\OneDrive\Desktop\digital 2\6-1POSTA.X\6-1POSTA.asm
                     MAIN   0x000014    program     static C:\Users\dario\OneDrive\Desktop\digital 2\6-1POSTA.X\6-1POSTA.asm
                     NUM0   0x000073    program     static C:\Users\dario\OneDrive\Desktop\digital 2\6-1POSTA.X\6-1POSTA.asm
                     NUM2   0x00002d    program     static C:\Users\dario\OneDrive\Desktop\digital 2\6-1POSTA.X\6-1POSTA.asm
                     NUM3   0x000032    program     static C:\Users\dario\OneDrive\Desktop\digital 2\6-1POSTA.X\6-1POSTA.asm
                     NUM4   0x000037    program     static C:\Users\dario\OneDrive\Desktop\digital 2\6-1POSTA.X\6-1POSTA.asm
                     NUM6   0x000041    program     static C:\Users\dario\OneDrive\Desktop\digital 2\6-1POSTA.X\6-1POSTA.asm
                     NUM7   0x000046    program     static C:\Users\dario\OneDrive\Desktop\digital 2\6-1POSTA.X\6-1POSTA.asm
                     NUM8   0x00004b    program     static C:\Users\dario\OneDrive\Desktop\digital 2\6-1POSTA.X\6-1POSTA.asm
                     NUMA   0x000055    program     static C:\Users\dario\OneDrive\Desktop\digital 2\6-1POSTA.X\6-1POSTA.asm
                     NUMB   0x00005a    program     static C:\Users\dario\OneDrive\Desktop\digital 2\6-1POSTA.X\6-1POSTA.asm
                     NUMC   0x00005f    program     static C:\Users\dario\OneDrive\Desktop\digital 2\6-1POSTA.X\6-1POSTA.asm
                     NUME   0x000069    program     static C:\Users\dario\OneDrive\Desktop\digital 2\6-1POSTA.X\6-1POSTA.asm
                     NUMF   0x00006e    program     static C:\Users\dario\OneDrive\Desktop\digital 2\6-1POSTA.X\6-1POSTA.asm
                    START   0x000005    program     static C:\Users\dario\OneDrive\Desktop\digital 2\6-1POSTA.X\6-1POSTA.asm
                    TABLA   0x000081    program     static C:\Users\dario\OneDrive\Desktop\digital 2\6-1POSTA.X\6-1POSTA.asm
          TESTEO_COLUMNAS   0x000018    program     static C:\Users\dario\OneDrive\Desktop\digital 2\6-1POSTA.X\6-1POSTA.asm



                              Symbols - Sorted by Address
                     Name    Address   Location    Storage File                     
                ---------  ---------  ---------  --------- ---------                
                    START   0x000005    program     static C:\Users\dario\OneDrive\Desktop\digital 2\6-1POSTA.X\6-1POSTA.asm
                     MAIN   0x000014    program     static C:\Users\dario\OneDrive\Desktop\digital 2\6-1POSTA.X\6-1POSTA.asm
          TESTEO_COLUMNAS   0x000018    program     static C:\Users\dario\OneDrive\Desktop\digital 2\6-1POSTA.X\6-1POSTA.asm
                    FILA1   0x000028    program     static C:\Users\dario\OneDrive\Desktop\digital 2\6-1POSTA.X\6-1POSTA.asm
                     NUM2   0x00002d    program     static C:\Users\dario\OneDrive\Desktop\digital 2\6-1POSTA.X\6-1POSTA.asm
                     NUM3   0x000032    program     static C:\Users\dario\OneDrive\Desktop\digital 2\6-1POSTA.X\6-1POSTA.asm
                     NUM4   0x000037    program     static C:\Users\dario\OneDrive\Desktop\digital 2\6-1POSTA.X\6-1POSTA.asm
                    FILA2   0x00003c    program     static C:\Users\dario\OneDrive\Desktop\digital 2\6-1POSTA.X\6-1POSTA.asm
                     NUM6   0x000041    program     static C:\Users\dario\OneDrive\Desktop\digital 2\6-1POSTA.X\6-1POSTA.asm
                     NUM7   0x000046    program     static C:\Users\dario\OneDrive\Desktop\digital 2\6-1POSTA.X\6-1POSTA.asm
                     NUM8   0x00004b    program     static C:\Users\dario\OneDrive\Desktop\digital 2\6-1POSTA.X\6-1POSTA.asm
                    FILA3   0x000050    program     static C:\Users\dario\OneDrive\Desktop\digital 2\6-1POSTA.X\6-1POSTA.asm
                     NUMA   0x000055    program     static C:\Users\dario\OneDrive\Desktop\digital 2\6-1POSTA.X\6-1POSTA.asm
                     NUMB   0x00005a    program     static C:\Users\dario\OneDrive\Desktop\digital 2\6-1POSTA.X\6-1POSTA.asm
                     NUMC   0x00005f    program     static C:\Users\dario\OneDrive\Desktop\digital 2\6-1POSTA.X\6-1POSTA.asm
                    FILA4   0x000064    program     static C:\Users\dario\OneDrive\Desktop\digital 2\6-1POSTA.X\6-1POSTA.asm
                     NUME   0x000069    program     static C:\Users\dario\OneDrive\Desktop\digital 2\6-1POSTA.X\6-1POSTA.asm
                     NUMF   0x00006e    program     static C:\Users\dario\OneDrive\Desktop\digital 2\6-1POSTA.X\6-1POSTA.asm
                     NUM0   0x000073    program     static C:\Users\dario\OneDrive\Desktop\digital 2\6-1POSTA.X\6-1POSTA.asm
               DELAY_20MS   0x000078    program     static C:\Users\dario\OneDrive\Desktop\digital 2\6-1POSTA.X\6-1POSTA.asm
                       L1   0x00007a    program     static C:\Users\dario\OneDrive\Desktop\digital 2\6-1POSTA.X\6-1POSTA.asm
                       L2   0x00007c    program     static C:\Users\dario\OneDrive\Desktop\digital 2\6-1POSTA.X\6-1POSTA.asm
                    TABLA   0x000081    program     static C:\Users\dario\OneDrive\Desktop\digital 2\6-1POSTA.X\6-1POSTA.asm


