MPLINK 5.09, LINKER
Linker Map File - Created Mon May 12 18:02:58 2025

                                 Section Info
                  Section       Type    Address   Location Size(Bytes)
                ---------  ---------  ---------  ---------  ---------
                   .org_0       code   0x000000    program   0x000002
                   .cinit    romdata   0x000001    program   0x000004
                   .org_1       code   0x000005    program   0x000114
.config_2007_BUILD/DEFAULT/PRODUCTION/6-1.O       code   0x002007    program   0x000002



                              Program Memory Usage 
                               Start         End      
                           ---------   ---------      
                            0x000000    0x000002      
                            0x000005    0x00008e      
                            0x002007    0x002007      
            142 out of 8455 program addresses used, program memory utilization is 1%



                              Symbols - Sorted by Name
                     Name    Address   Location    Storage File                     
                ---------  ---------  ---------  --------- ---------                
               DELAY_20MS   0x000074    program     static C:\Users\dario\OneDrive\Desktop\digital 2\6-1.X\6-1.asm
                    FILA1   0x000024    program     static C:\Users\dario\OneDrive\Desktop\digital 2\6-1.X\6-1.asm
                    FILA2   0x000038    program     static C:\Users\dario\OneDrive\Desktop\digital 2\6-1.X\6-1.asm
                    FILA3   0x00004c    program     static C:\Users\dario\OneDrive\Desktop\digital 2\6-1.X\6-1.asm
                    FILA4   0x000060    program     static C:\Users\dario\OneDrive\Desktop\digital 2\6-1.X\6-1.asm
                       L1   0x000076    program     static C:\Users\dario\OneDrive\Desktop\digital 2\6-1.X\6-1.asm
                       L2   0x000078    program     static C:\Users\dario\OneDrive\Desktop\digital 2\6-1.X\6-1.asm
                     MAIN   0x000014    program     static C:\Users\dario\OneDrive\Desktop\digital 2\6-1.X\6-1.asm
                     NUM0   0x00006f    program     static C:\Users\dario\OneDrive\Desktop\digital 2\6-1.X\6-1.asm
                     NUM2   0x000029    program     static C:\Users\dario\OneDrive\Desktop\digital 2\6-1.X\6-1.asm
                     NUM3   0x00002e    program     static C:\Users\dario\OneDrive\Desktop\digital 2\6-1.X\6-1.asm
                     NUM4   0x000033    program     static C:\Users\dario\OneDrive\Desktop\digital 2\6-1.X\6-1.asm
                     NUM6   0x00003d    program     static C:\Users\dario\OneDrive\Desktop\digital 2\6-1.X\6-1.asm
                     NUM7   0x000042    program     static C:\Users\dario\OneDrive\Desktop\digital 2\6-1.X\6-1.asm
                     NUM8   0x000047    program     static C:\Users\dario\OneDrive\Desktop\digital 2\6-1.X\6-1.asm
                     NUMA   0x000051    program     static C:\Users\dario\OneDrive\Desktop\digital 2\6-1.X\6-1.asm
                     NUMB   0x000056    program     static C:\Users\dario\OneDrive\Desktop\digital 2\6-1.X\6-1.asm
                     NUMC   0x00005b    program     static C:\Users\dario\OneDrive\Desktop\digital 2\6-1.X\6-1.asm
                     NUME   0x000065    program     static C:\Users\dario\OneDrive\Desktop\digital 2\6-1.X\6-1.asm
                     NUMF   0x00006a    program     static C:\Users\dario\OneDrive\Desktop\digital 2\6-1.X\6-1.asm
                    START   0x000005    program     static C:\Users\dario\OneDrive\Desktop\digital 2\6-1.X\6-1.asm
                    TABLA   0x00007d    program     static C:\Users\dario\OneDrive\Desktop\digital 2\6-1.X\6-1.asm



                              Symbols - Sorted by Address
                     Name    Address   Location    Storage File                     
                ---------  ---------  ---------  --------- ---------                
                    START   0x000005    program     static C:\Users\dario\OneDrive\Desktop\digital 2\6-1.X\6-1.asm
                     MAIN   0x000014    program     static C:\Users\dario\OneDrive\Desktop\digital 2\6-1.X\6-1.asm
                    FILA1   0x000024    program     static C:\Users\dario\OneDrive\Desktop\digital 2\6-1.X\6-1.asm
                     NUM2   0x000029    program     static C:\Users\dario\OneDrive\Desktop\digital 2\6-1.X\6-1.asm
                     NUM3   0x00002e    program     static C:\Users\dario\OneDrive\Desktop\digital 2\6-1.X\6-1.asm
                     NUM4   0x000033    program     static C:\Users\dario\OneDrive\Desktop\digital 2\6-1.X\6-1.asm
                    FILA2   0x000038    program     static C:\Users\dario\OneDrive\Desktop\digital 2\6-1.X\6-1.asm
                     NUM6   0x00003d    program     static C:\Users\dario\OneDrive\Desktop\digital 2\6-1.X\6-1.asm
                     NUM7   0x000042    program     static C:\Users\dario\OneDrive\Desktop\digital 2\6-1.X\6-1.asm
                     NUM8   0x000047    program     static C:\Users\dario\OneDrive\Desktop\digital 2\6-1.X\6-1.asm
                    FILA3   0x00004c    program     static C:\Users\dario\OneDrive\Desktop\digital 2\6-1.X\6-1.asm
                     NUMA   0x000051    program     static C:\Users\dario\OneDrive\Desktop\digital 2\6-1.X\6-1.asm
                     NUMB   0x000056    program     static C:\Users\dario\OneDrive\Desktop\digital 2\6-1.X\6-1.asm
                     NUMC   0x00005b    program     static C:\Users\dario\OneDrive\Desktop\digital 2\6-1.X\6-1.asm
                    FILA4   0x000060    program     static C:\Users\dario\OneDrive\Desktop\digital 2\6-1.X\6-1.asm
                     NUME   0x000065    program     static C:\Users\dario\OneDrive\Desktop\digital 2\6-1.X\6-1.asm
                     NUMF   0x00006a    program     static C:\Users\dario\OneDrive\Desktop\digital 2\6-1.X\6-1.asm
                     NUM0   0x00006f    program     static C:\Users\dario\OneDrive\Desktop\digital 2\6-1.X\6-1.asm
               DELAY_20MS   0x000074    program     static C:\Users\dario\OneDrive\Desktop\digital 2\6-1.X\6-1.asm
                       L1   0x000076    program     static C:\Users\dario\OneDrive\Desktop\digital 2\6-1.X\6-1.asm
                       L2   0x000078    program     static C:\Users\dario\OneDrive\Desktop\digital 2\6-1.X\6-1.asm
                    TABLA   0x00007d    program     static C:\Users\dario\OneDrive\Desktop\digital 2\6-1.X\6-1.asm


