MPLINK 5.09, LINKER
Linker Map File - Created Sat May 03 22:33:46 2025

                                 Section Info
                  Section       Type    Address   Location Size(Bytes)
                ---------  ---------  ---------  ---------  ---------
                   .org_0       code   0x000000    program   0x000002
                   .cinit    romdata   0x000001    program   0x000004
                   .org_1       code   0x000004    program   0x000002
                   .org_2       code   0x000005    program   0x000150
.config_2007_BUILD/DEFAULT/PRODUCTION/INTECON       code   0x002007    program   0x000002



                              Program Memory Usage 
                               Start         End      
                           ---------   ---------      
                            0x000000    0x000002      
                            0x000004    0x0000ac      
                            0x002007    0x002007      
            173 out of 8455 program addresses used, program memory utilization is 2%



                              Symbols - Sorted by Name
                     Name    Address   Location    Storage File                     
                ---------  ---------  ---------  --------- ---------                
               ANTIREBOTE   0x000096    program     static C:\Users\dario\OneDrive\Desktop\digital 2\INTERRUPCIONCON MULTIPLEXADO.X\INTECON MULTIPLEXADO.asm
        AUMENTAR_CENTENAS   0x000074    program     static C:\Users\dario\OneDrive\Desktop\digital 2\INTERRUPCIONCON MULTIPLEXADO.X\INTECON MULTIPLEXADO.asm
         AUMENTAR_DECENAS   0x000062    program     static C:\Users\dario\OneDrive\Desktop\digital 2\INTERRUPCIONCON MULTIPLEXADO.X\INTECON MULTIPLEXADO.asm
                 CONTEXTO   0x000091    program     static C:\Users\dario\OneDrive\Desktop\digital 2\INTERRUPCIONCON MULTIPLEXADO.X\INTECON MULTIPLEXADO.asm
                       D1   0x0000a6    program     static C:\Users\dario\OneDrive\Desktop\digital 2\INTERRUPCIONCON MULTIPLEXADO.X\INTECON MULTIPLEXADO.asm
                       D2   0x0000a8    program     static C:\Users\dario\OneDrive\Desktop\digital 2\INTERRUPCIONCON MULTIPLEXADO.X\INTECON MULTIPLEXADO.asm
               DELAY_20MS   0x00009b    program     static C:\Users\dario\OneDrive\Desktop\digital 2\INTERRUPCIONCON MULTIPLEXADO.X\INTECON MULTIPLEXADO.asm
               DELAY_50MS   0x0000a4    program     static C:\Users\dario\OneDrive\Desktop\digital 2\INTERRUPCIONCON MULTIPLEXADO.X\INTECON MULTIPLEXADO.asm
              INCREMENTAR   0x00005b    program     static C:\Users\dario\OneDrive\Desktop\digital 2\INTERRUPCIONCON MULTIPLEXADO.X\INTECON MULTIPLEXADO.asm
             INTERRUPCION   0x00008c    program     static C:\Users\dario\OneDrive\Desktop\digital 2\INTERRUPCIONCON MULTIPLEXADO.X\INTECON MULTIPLEXADO.asm
             MULTIPLEXADO   0x00004b    program     static C:\Users\dario\OneDrive\Desktop\digital 2\INTERRUPCIONCON MULTIPLEXADO.X\INTECON MULTIPLEXADO.asm
                       P1   0x00009d    program     static C:\Users\dario\OneDrive\Desktop\digital 2\INTERRUPCIONCON MULTIPLEXADO.X\INTECON MULTIPLEXADO.asm
                       P2   0x00009f    program     static C:\Users\dario\OneDrive\Desktop\digital 2\INTERRUPCIONCON MULTIPLEXADO.X\INTECON MULTIPLEXADO.asm
                    START   0x000005    program     static C:\Users\dario\OneDrive\Desktop\digital 2\INTERRUPCIONCON MULTIPLEXADO.X\INTECON MULTIPLEXADO.asm
             _.org_2_004A   0x00004a    program     static C:\Users\dario\OneDrive\Desktop\digital 2\INTERRUPCIONCON MULTIPLEXADO.X\INTECON MULTIPLEXADO.asm



                              Symbols - Sorted by Address
                     Name    Address   Location    Storage File                     
                ---------  ---------  ---------  --------- ---------                
                    START   0x000005    program     static C:\Users\dario\OneDrive\Desktop\digital 2\INTERRUPCIONCON MULTIPLEXADO.X\INTECON MULTIPLEXADO.asm
             _.org_2_004A   0x00004a    program     static C:\Users\dario\OneDrive\Desktop\digital 2\INTERRUPCIONCON MULTIPLEXADO.X\INTECON MULTIPLEXADO.asm
             MULTIPLEXADO   0x00004b    program     static C:\Users\dario\OneDrive\Desktop\digital 2\INTERRUPCIONCON MULTIPLEXADO.X\INTECON MULTIPLEXADO.asm
              INCREMENTAR   0x00005b    program     static C:\Users\dario\OneDrive\Desktop\digital 2\INTERRUPCIONCON MULTIPLEXADO.X\INTECON MULTIPLEXADO.asm
         AUMENTAR_DECENAS   0x000062    program     static C:\Users\dario\OneDrive\Desktop\digital 2\INTERRUPCIONCON MULTIPLEXADO.X\INTECON MULTIPLEXADO.asm
        AUMENTAR_CENTENAS   0x000074    program     static C:\Users\dario\OneDrive\Desktop\digital 2\INTERRUPCIONCON MULTIPLEXADO.X\INTECON MULTIPLEXADO.asm
             INTERRUPCION   0x00008c    program     static C:\Users\dario\OneDrive\Desktop\digital 2\INTERRUPCIONCON MULTIPLEXADO.X\INTECON MULTIPLEXADO.asm
                 CONTEXTO   0x000091    program     static C:\Users\dario\OneDrive\Desktop\digital 2\INTERRUPCIONCON MULTIPLEXADO.X\INTECON MULTIPLEXADO.asm
               ANTIREBOTE   0x000096    program     static C:\Users\dario\OneDrive\Desktop\digital 2\INTERRUPCIONCON MULTIPLEXADO.X\INTECON MULTIPLEXADO.asm
               DELAY_20MS   0x00009b    program     static C:\Users\dario\OneDrive\Desktop\digital 2\INTERRUPCIONCON MULTIPLEXADO.X\INTECON MULTIPLEXADO.asm
                       P1   0x00009d    program     static C:\Users\dario\OneDrive\Desktop\digital 2\INTERRUPCIONCON MULTIPLEXADO.X\INTECON MULTIPLEXADO.asm
                       P2   0x00009f    program     static C:\Users\dario\OneDrive\Desktop\digital 2\INTERRUPCIONCON MULTIPLEXADO.X\INTECON MULTIPLEXADO.asm
               DELAY_50MS   0x0000a4    program     static C:\Users\dario\OneDrive\Desktop\digital 2\INTERRUPCIONCON MULTIPLEXADO.X\INTECON MULTIPLEXADO.asm
                       D1   0x0000a6    program     static C:\Users\dario\OneDrive\Desktop\digital 2\INTERRUPCIONCON MULTIPLEXADO.X\INTECON MULTIPLEXADO.asm
                       D2   0x0000a8    program     static C:\Users\dario\OneDrive\Desktop\digital 2\INTERRUPCIONCON MULTIPLEXADO.X\INTECON MULTIPLEXADO.asm


